Component: ARM Compiler 5.06 update 7 (build 960) Tool: armlink [4d3601]

==============================================================================

Section Cross References

    startup_stm32f429xx.o(STACK) refers (Special) to heapauxi.o(.text) for __use_two_region_memory
    startup_stm32f429xx.o(HEAP) refers (Special) to heapauxi.o(.text) for __use_two_region_memory
    startup_stm32f429xx.o(RESET) refers (Special) to heapauxi.o(.text) for __use_two_region_memory
    startup_stm32f429xx.o(RESET) refers to startup_stm32f429xx.o(STACK) for __initial_sp
    startup_stm32f429xx.o(RESET) refers to startup_stm32f429xx.o(.text) for Reset_Handler
    startup_stm32f429xx.o(RESET) refers to stm32f4xx_it.o(i.NMI_Handler) for NMI_Handler
    startup_stm32f429xx.o(RESET) refers to stm32f4xx_it.o(i.HardFault_Handler) for HardFault_Handler
    startup_stm32f429xx.o(RESET) refers to stm32f4xx_it.o(i.MemManage_Handler) for MemManage_Handler
    startup_stm32f429xx.o(RESET) refers to stm32f4xx_it.o(i.BusFault_Handler) for BusFault_Handler
    startup_stm32f429xx.o(RESET) refers to stm32f4xx_it.o(i.UsageFault_Handler) for UsageFault_Handler
    startup_stm32f429xx.o(RESET) refers to stm32f4xx_it.o(i.SVC_Handler) for SVC_Handler
    startup_stm32f429xx.o(RESET) refers to stm32f4xx_it.o(i.DebugMon_Handler) for DebugMon_Handler
    startup_stm32f429xx.o(RESET) refers to stm32f4xx_it.o(i.PendSV_Handler) for PendSV_Handler
    startup_stm32f429xx.o(RESET) refers to stm32f4xx_it.o(i.SysTick_Handler) for SysTick_Handler
    startup_stm32f429xx.o(RESET) refers to stm32f4xx_it.o(i.OTG_FS_IRQHandler) for OTG_FS_IRQHandler
    startup_stm32f429xx.o(.text) refers (Special) to heapauxi.o(.text) for __use_two_region_memory
    startup_stm32f429xx.o(.text) refers to system_stm32f4xx.o(i.SystemInit) for SystemInit
    startup_stm32f429xx.o(.text) refers to __main.o(!!!main) for __main
    startup_stm32f429xx.o(.text) refers to startup_stm32f429xx.o(HEAP) for Heap_Mem
    startup_stm32f429xx.o(.text) refers to startup_stm32f429xx.o(STACK) for Stack_Mem
    main.o(i.SystemClock_Config) refers to rt_memclr_w.o(.text) for __aeabi_memclr4
    main.o(i.SystemClock_Config) refers to stm32f4xx_hal_rcc.o(i.HAL_RCC_OscConfig) for HAL_RCC_OscConfig
    main.o(i.SystemClock_Config) refers to main.o(i.Error_Handler) for Error_Handler
    main.o(i.SystemClock_Config) refers to stm32f4xx_hal_rcc.o(i.HAL_RCC_ClockConfig) for HAL_RCC_ClockConfig
    main.o(i.main) refers to stm32f4xx_hal.o(i.HAL_Init) for HAL_Init
    main.o(i.main) refers to main.o(i.SystemClock_Config) for SystemClock_Config
    main.o(i.main) refers to gpio.o(i.MX_GPIO_Init) for MX_GPIO_Init
    main.o(i.main) refers to usart.o(i.MX_USART1_UART_Init) for MX_USART1_UART_Init
    main.o(i.main) refers to cdc_app.o(i.usb_dc_low_level_init) for usb_dc_low_level_init
    main.o(i.main) refers to usbd.o(i.tud_init) for tud_init
    main.o(i.main) refers to usbd.o(i.tud_task_ext) for tud_task_ext
    main.o(i.main) refers to cdc_app.o(i.cdc_task) for cdc_task
    gpio.o(i.MX_GPIO_Init) refers to rt_memclr_w.o(.text) for __aeabi_memclr4
    gpio.o(i.MX_GPIO_Init) refers to stm32f4xx_hal_gpio.o(i.HAL_GPIO_WritePin) for HAL_GPIO_WritePin
    gpio.o(i.MX_GPIO_Init) refers to stm32f4xx_hal_gpio.o(i.HAL_GPIO_Init) for HAL_GPIO_Init
    usart.o(.rev16_text) refers (Special) to use_no_semi_2.o(.text) for __use_no_semihosting
    usart.o(.revsh_text) refers (Special) to use_no_semi_2.o(.text) for __use_no_semihosting
    usart.o(.rrx_text) refers (Special) to use_no_semi_2.o(.text) for __use_no_semihosting
    usart.o(i.HAL_UART_MspDeInit) refers (Special) to use_no_semi_2.o(.text) for __use_no_semihosting
    usart.o(i.HAL_UART_MspDeInit) refers to stm32f4xx_hal_gpio.o(i.HAL_GPIO_DeInit) for HAL_GPIO_DeInit
    usart.o(i.HAL_UART_MspInit) refers (Special) to use_no_semi_2.o(.text) for __use_no_semihosting
    usart.o(i.HAL_UART_MspInit) refers to rt_memclr_w.o(.text) for __aeabi_memclr4
    usart.o(i.HAL_UART_MspInit) refers to stm32f4xx_hal_gpio.o(i.HAL_GPIO_Init) for HAL_GPIO_Init
    usart.o(i.MX_USART1_UART_Init) refers (Special) to use_no_semi_2.o(.text) for __use_no_semihosting
    usart.o(i.MX_USART1_UART_Init) refers to stm32f4xx_hal_uart.o(i.HAL_UART_Init) for HAL_UART_Init
    usart.o(i.MX_USART1_UART_Init) refers to main.o(i.Error_Handler) for Error_Handler
    usart.o(i.MX_USART1_UART_Init) refers to usart.o(.bss) for huart1
    usart.o(i._sys_command_string) refers (Special) to use_no_semi_2.o(.text) for __use_no_semihosting
    usart.o(i._sys_exit) refers (Special) to use_no_semi_2.o(.text) for __use_no_semihosting
    usart.o(i._ttywrch) refers (Special) to use_no_semi_2.o(.text) for __use_no_semihosting
    usart.o(i.fputc) refers (Special) to use_no_semi_2.o(.text) for __use_no_semihosting
    usart.o(.bss) refers (Special) to use_no_semi_2.o(.text) for __use_no_semihosting
    usart.o(.data) refers (Special) to use_no_semi_2.o(.text) for __use_no_semihosting
[...]
    i.tud_suspend_cb                         0x08005434   Section        0  usbd.o(i.tud_suspend_cb)
    i.tud_suspended                          0x08005438   Section        0  usbd.o(i.tud_suspended)
    i.tud_task_ext                           0x08005448   Section        0  usbd.o(i.tud_task_ext)
    i.tud_umount_cb                          0x08005838   Section        0  cdc_app.o(i.tud_umount_cb)
    i.tud_vendor_control_xfer_cb             0x0800583a   Section        0  usbd.o(i.tud_vendor_control_xfer_cb)
    i.usb_dc_low_level_init                  0x08005840   Section        0  cdc_app.o(i.usb_dc_low_level_init)
    i.usbd_control_reset                     0x080058e0   Section        0  usbd_control.o(i.usbd_control_reset)
    i.usbd_control_set_complete_callback     0x080058f0   Section        0  usbd_control.o(i.usbd_control_set_complete_callback)
    i.usbd_control_set_request               0x080058fc   Section        0  usbd_control.o(i.usbd_control_set_request)
    i.usbd_control_xfer_cb                   0x08005918   Section        0  usbd_control.o(i.usbd_control_xfer_cb)
    i.usbd_driver_print_control_complete_name 0x08005a50   Section        0  usbd.o(i.usbd_driver_print_control_complete_name)
    i.usbd_edpt_claim                        0x08005ad4   Section        0  usbd.o(i.usbd_edpt_claim)
    i.usbd_edpt_clear_stall                  0x08005b04   Section        0  usbd.o(i.usbd_edpt_clear_stall)
    i.usbd_edpt_open                         0x08005b80   Section        0  usbd.o(i.usbd_edpt_open)
    i.usbd_edpt_release                      0x08005c00   Section        0  usbd.o(i.usbd_edpt_release)
    i.usbd_edpt_stall                        0x08005c30   Section        0  usbd.o(i.usbd_edpt_stall)
    i.usbd_edpt_stalled                      0x08005ca8   Section        0  usbd.o(i.usbd_edpt_stalled)
    i.usbd_edpt_xfer                         0x08005cd0   Section        0  usbd.o(i.usbd_edpt_xfer)
    i.usbd_int_set                           0x08005dd8   Section        0  usbd.o(i.usbd_int_set)
    i.usbd_open_edpt_pair                    0x08005df8   Section        0  usbd.o(i.usbd_open_edpt_pair)
    i.usbd_reset                             0x08005ea4   Section        0  usbd.o(i.usbd_reset)
    usbd_reset                               0x08005ea5   Thumb Code    16  usbd.o(i.usbd_reset)
    i.write_fifo_packet                      0x08005eb4   Section        0  dcd_dwc2.o(i.write_fifo_packet)
    write_fifo_packet                        0x08005eb5   Thumb Code    98  dcd_dwc2.o(i.write_fifo_packet)
    locale$$code                             0x08005f1c   Section       44  lc_ctype_c.o(locale$$code)
    x$fpl$fpinit                             0x08005f48   Section       10  fpinit.o(x$fpl$fpinit)
    $v0                                      0x08005f48   Number         0  fpinit.o(x$fpl$fpinit)
    .constdata                               0x08005f52   Section       24  system_stm32f4xx.o(.constdata)
    .constdata                               0x08005f6a   Section      161  usb_descriptors.o(.constdata)
    <Data1>                                  0x08005f6a   Data           2  usb_descriptors.o(.constdata)
    .constdata                               0x0800600c   Section      183  tusb.o(.constdata)
    __func__                                 0x0800605c   Data          17  tusb.o(.constdata)
    __func__                                 0x0800606d   Data          35  tusb.o(.constdata)
    __func__                                 0x08006090   Data          26  tusb.o(.constdata)
    __func__                                 0x080060aa   Data          25  tusb.o(.constdata)
    .constdata                               0x080060c4   Section      154  dcd_dwc2.o(.constdata)
    _dwc2_controller                         0x080060c4   Data          32  dcd_dwc2.o(.constdata)
    __func__                                 0x08006114   Data          11  dcd_dwc2.o(.constdata)
    __func__                                 0x0800611f   Data          11  dcd_dwc2.o(.constdata)
    __func__                                 0x0800612a   Data          14  dcd_dwc2.o(.constdata)
    __func__                                 0x08006138   Data          19  dcd_dwc2.o(.constdata)
    __func__                                 0x0800614b   Data          19  dcd_dwc2.o(.constdata)
    .constdata                               0x0800615e   Section       45  cdc_device.o(.constdata)
    __func__                                 0x0800615e   Data          22  cdc_device.o(.constdata)
    __func__                                 0x08006174   Data          10  cdc_device.o(.constdata)
    __func__                                 0x0800617e   Data          13  cdc_device.o(.constdata)
    .constdata                               0x0800618c   Section      337  usbd.o(.constdata)
    _usbd_driver                             0x0800618c   Data          32  usbd.o(.constdata)
    _usbd_event_str                          0x080061ac   Data          36  usbd.o(.constdata)
    __func__                                 0x080061d0   Data          12  usbd.o(.constdata)
    __func__                                 0x080061dc   Data           9  usbd.o(.constdata)
    __func__                                 0x080061e5   Data          20  usbd.o(.constdata)
    __func__                                 0x080061f9   Data          13  usbd.o(.constdata)
    __func__                                 0x08006206   Data          24  usbd.o(.constdata)
    __func__                                 0x0800621e   Data          19  usbd.o(.constdata)
    __func__                                 0x08006231   Data          23  usbd.o(.constdata)
    __func__                                 0x08006260   Data          20  usbd.o(.constdata)
    __func__                                 0x08006280   Data          15  usbd.o(.constdata)
    __func__                                 0x0800628f   Data          15  usbd.o(.constdata)
    __func__                                 0x0800629e   Data          20  usbd.o(.constdata)
    __func__                                 0x080062b2   Data          20  usbd.o(.constdata)
    __func__                                 0x080062c6   Data          23  usbd.o(.constdata)
    .constdata                               0x080062dd   Section       38  usbd_control.o(.constdata)
    __func__                                 0x080062dd   Data          17  usbd_control.o(.constdata)
    __func__                                 0x080062ee   Data          21  usbd_control.o(.constdata)
    .constdata                               0x08006304   Section        8  _printf_wctomb.o(.constdata)
    initial_mbstate                          0x08006304   Data           8  _printf_wctomb.o(.constdata)
    .constdata                               0x0800630c   Section       40  _printf_hex_int.o(.constdata)
    uc_hextab                                0x0800630c   Data          20  _printf_hex_int.o(.constdata)
    lc_hextab                                0x08006320   Data          20  _printf_hex_int.o(.constdata)
    .constdata                               0x08006334   Section       17  __printf_flags_ss_wp.o(.constdata)
    maptable                                 0x08006334   Data          17  __printf_flags_ss_wp.o(.constdata)
    .conststring                             0x08006348   Section       35  usb_descriptors.o(.conststring)
    .conststring                             0x0800636c   Section      228  tusb.o(.conststring)
    .conststring                             0x08006450   Section       94  usbd.o(.conststring)
    locale$$data                             0x080064d0   Section      272  lc_ctype_c.o(locale$$data)
    __lcctype_c_name                         0x080064d4   Data           2  lc_ctype_c.o(locale$$data)
    __lcctype_c_start                        0x080064dc   Data           0  lc_ctype_c.o(locale$$data)
    __lcctype_c_end                          0x080065e0   Data           0  lc_ctype_c.o(locale$$data)
    .data                                    0x20000000   Section        4  usart.o(.data)
    .data                                    0x20000004   Section        9  stm32f4xx_hal.o(.data)
    .data                                    0x20000010   Section        4  system_stm32f4xx.o(.data)
    .data                                    0x20000014   Section       20  usb_descriptors.o(.data)
    .data                                    0x20000028   Section       15  dcd_dwc2.o(.data)
    _setup_packet                            0x20000028   Data           8  dcd_dwc2.o(.data)
    ep0_pending                              0x20000030   Data           4  dcd_dwc2.o(.data)
    _allocated_fifo_words_tx                 0x20000034   Data           2  dcd_dwc2.o(.data)
    _sof_en                                  0x20000036   Data           1  dcd_dwc2.o(.data)
    .data                                    0x20000037   Section        1  cdc_device.o(.data)
    _cdcd_fifo_cfg                           0x20000037   Data           1  cdc_device.o(.data)
    .data                                    0x20000038   Section       32  usbd.o(.data)
    _usbd_queued_setup                       0x20000038   Data           1  usbd.o(.data)
    _app_driver                              0x2000003c   Data           4  usbd.o(.data)
    _app_driver_count                        0x20000040   Data           1  usbd.o(.data)
    _usbd_rhport                             0x20000041   Data           1  usbd.o(.data)
    _usbd_q                                  0x20000054   Data           4  usbd.o(.data)
    .bss                                     0x20000058   Section       72  usart.o(.bss)
    .bss                                     0x200000a0   Section       66  usb_descriptors.o(.bss)
    _desc_str                                0x200000a0   Data          66  usb_descriptors.o(.bss)
    .bss                                     0x200000e4   Section      192  dcd_dwc2.o(.bss)
    xfer_status                              0x200000e4   Data         192  dcd_dwc2.o(.bss)
    .bss                                     0x200001a4   Section      592  cdc_device.o(.bss)
    _cdcd_itf                                0x200001a4   Data         592  cdc_device.o(.bss)
    .bss                                     0x200003f4   Section      236  usbd.o(.bss)
    _usbd_dev                                0x200003f4   Data          44  usbd.o(.bss)
    .bss                                     0x200004e0   Section       84  usbd_control.o(.bss)
    _ctrl_xfer                               0x200004e0   Data          20  usbd_control.o(.bss)
    _usbd_ctrl_buf                           0x200004f4   Data          64  usbd_control.o(.bss)
    .bss                                     0x20000534   Section       96  libspace.o(.bss)
    HEAP                                     0x20000598   Section      512  startup_stm32f429xx.o(HEAP)
    Heap_Mem                                 0x20000598   Data         512  startup_stm32f429xx.o(HEAP)
    STACK                                    0x20000798   Section     1024  startup_stm32f429xx.o(STACK)
    Stack_Mem                                0x20000798   Data        1024  startup_stm32f429xx.o(STACK)
    __initial_sp                             0x20000b98   Data           0  startup_stm32f429xx.o(STACK)

    Global Symbols

    Symbol Name                              Value     Ov Type        Size  Object(Section)

    BuildAttributes$$THM_ISAv4$E$P$D$K$B$S$7EM$VFPi3$EXTD16$VFPS$VFMA$PE$A:L22UL41UL21$X:L11$S22US41US21$IEEE1$IW$USESV6$~STKCKD$USESV7$~SHL$OSPACE$ROPI$EBA8$UX$STANDARDLIB$REQ8$PRES8$EABIv2 0x00000000   Number         0  anon$$obj.o ABSOLUTE
    __ARM_use_no_argv                        0x00000000   Number         0  main.o ABSOLUTE
    _printf_flags                            0x00000000   Number         0  printf_stubs.o ABSOLUTE
    _printf_return_value                     0x00000000   Number         0  printf_stubs.o ABSOLUTE
    _printf_sizespec                         0x00000000   Number         0  printf_stubs.o ABSOLUTE
    _printf_widthprec                        0x00000000   Number         0  printf_stubs.o ABSOLUTE
    __ARM_exceptions_init                     - Undefined Weak Reference
    __alloca_initialize                       - Undefined Weak Reference
    __arm_fini_                               - Undefined Weak Reference
    __arm_preinit_                            - Undefined Weak Reference
    __cpp_initialize__aeabi_                  - Undefined Weak Reference
    __cxa_finalize                            - Undefined Weak Reference
    __sigvec_lookup                           - Undefined Weak Reference
    _atexit_init                              - Undefined Weak Reference
    _call_atexit_fns                          - Undefined Weak Reference
    _clock_init                               - Undefined Weak Reference
    _fp_trap_init                             - Undefined Weak Reference
    _fp_trap_shutdown                         - Undefined Weak Reference
    _get_lc_collate                           - Undefined Weak Reference
    _get_lc_monetary                          - Undefined Weak Reference
    _get_lc_numeric                           - Undefined Weak Reference
    _get_lc_time                              - Undefined Weak Reference
    _getenv_init                              - Undefined Weak Reference
    _handle_redirection                       - Undefined Weak Reference
    _init_alloc                               - Undefined Weak Reference
    _init_user_alloc                          - Undefined Weak Reference
    _initio                                   - Undefined Weak Reference
    _mutex_acquire                            - Undefined Weak Reference
    _mutex_release                            - Undefined Weak Reference
    _printf_mbtowc                            - Undefined Weak Reference
    _printf_wc                                - Undefined Weak Reference
    _rand_init                                - Undefined Weak Reference
    _signal_finish                            - Undefined Weak Reference
    _signal_init                              - Undefined Weak Reference
    _terminate_alloc                          - Undefined Weak Reference
    _terminate_user_alloc                     - Undefined Weak Reference
    _terminateio                              - Undefined Weak Reference
    board_get_unique_id                       - Undefined Weak Reference
    tud_cdc_line_coding_cb                    - Undefined Weak Reference
    tud_cdc_rx_wanted_cb                      - Undefined Weak Reference
    tud_cdc_send_break_cb                     - Undefined Weak Reference
    tud_cdc_tx_complete_cb                    - Undefined Weak Reference
    usbd_app_driver_get_cb                    - Undefined Weak Reference
    __Vectors_Size                           0x000001ac   Number         0  startup_stm32f429xx.o ABSOLUTE
    __Vectors                                0x08000000   Data           4  startup_stm32f429xx.o(RESET)
    __Vectors_End                            0x080001ac   Data           0  startup_stm32f429xx.o(RESET)
    __main                                   0x080001ad   Thumb Code     8  __main.o(!!!main)
    __scatterload                            0x080001b5   Thumb Code     0  __scatter.o(!!!scatter)
    __scatterload_rt2                        0x080001b5   Thumb Code    44  __scatter.o(!!!scatter)
    __scatterload_rt2_thumb_only             0x080001b5   Thumb Code     0  __scatter.o(!!!scatter)
    __scatterload_null                       0x080001c3   Thumb Code     0  __scatter.o(!!!scatter)
    __scatterload_copy                       0x080001e9   Thumb Code    26  __scatter_copy.o(!!handler_copy)
    __scatterload_zeroinit                   0x08000205   Thumb Code    28  __scatter_zi.o(!!handler_zi)
    _printf_i                                0x08000221   Thumb Code     0  _printf_i.o(.ARM.Collect$$_printf_percent$$00000008)
    _printf_percent                          0x08000221   Thumb Code     0  _printf_percent.o(.ARM.Collect$$_printf_percent$$00000000)
    _printf_d                                0x08000227   Thumb Code     0  _printf_d.o(.ARM.Collect$$_printf_percent$$00000009)
    _printf_u                                0x0800022d   Thumb Code     0  _printf_u.o(.ARM.Collect$$_printf_percent$$0000000A)
    _printf_o                                0x08000233   Thumb Code     0  _printf_o.o(.ARM.Collect$$_printf_percent$$0000000B)
    _printf_x                                0x08000239   Thumb Code     0  _printf_x.o(.ARM.Collect$$_printf_percent$$0000000C)
    _printf_l                                0x0800023f   Thumb Code     0  _printf_l.o(.ARM.Collect$$_printf_percent$$00000012)
    _printf_c                                0x08000249   Thumb Code     0  _printf_c.o(.ARM.Collect$$_printf_percent$$00000013)
    _printf_s                                0x0800024f   Thumb Code     0  _printf_s.o(.ARM.Collect$$_printf_percent$$00000014)
    _printf_lc                               0x08000255   Thumb Code     0  _printf_lc.o(.ARM.Collect$$_printf_percent$$00000015)
    _printf_percent_end                      0x0800025b   Thumb Code     0  _printf_percent_end.o(.ARM.Collect$$_printf_percent$$00000017)
    __rt_lib_init                            0x0800025f   Thumb Code     0  libinit.o(.ARM.Collect$$libinit$$00000000)
    __rt_lib_init_fp_1                       0x08000261   Thumb Code     0  libinit2.o(.ARM.Collect$$libinit$$00000001)
    __rt_lib_init_heap_1                     0x08000265   Thumb Code     0  libinit2.o(.ARM.Collect$$libinit$$0000000A)
    __rt_lib_init_lc_common                  0x08000265   Thumb Code     0  libinit2.o(.ARM.Collect$$libinit$$0000000F)
    __rt_lib_init_preinit_1                  0x08000265   Thumb Code     0  libinit2.o(.ARM.Collect$$libinit$$00000004)
    __rt_lib_init_rand_1                     0x08000265   Thumb Code     0  libinit2.o(.ARM.Collect$$libinit$$0000000E)
    __rt_lib_init_user_alloc_1               0x08000265   Thumb Code     0  libinit2.o(.ARM.Collect$$libinit$$0000000C)
    __rt_lib_init_lc_collate_1               0x0800026b   Thumb Code     0  libinit2.o(.ARM.Collect$$libinit$$00000011)
    __rt_lib_init_lc_ctype_2                 0x0800026b   Thumb Code     0  libinit2.o(.ARM.Collect$$libinit$$00000012)
    __rt_lib_init_alloca_1                   0x08000277   Thumb Code     0  libinit2.o(.ARM.Collect$$libinit$$0000002E)
    __rt_lib_init_argv_1                     0x08000277   Thumb Code     0  libinit2.o(.ARM.Collect$$libinit$$0000002C)
    __rt_lib_init_atexit_1                   0x08000277   Thumb Code     0  libinit2.o(.ARM.Collect$$libinit$$0000001B)
    __rt_lib_init_clock_1                    0x08000277   Thumb Code     0  libinit2.o(.ARM.Collect$$libinit$$00000021)
    __rt_lib_init_cpp_1                      0x08000277   Thumb Code     0  libinit2.o(.ARM.Collect$$libinit$$00000032)
    __rt_lib_init_exceptions_1               0x08000277   Thumb Code     0  libinit2.o(.ARM.Collect$$libinit$$00000030)
    __rt_lib_init_fp_trap_1                  0x08000277   Thumb Code     0  libinit2.o(.ARM.Collect$$libinit$$0000001F)
    __rt_lib_init_getenv_1                   0x08000277   Thumb Code     0  libinit2.o(.ARM.Collect$$libinit$$00000023)
    __rt_lib_init_lc_ctype_1                 0x08000277   Thumb Code     0  libinit2.o(.ARM.Collect$$libinit$$00000013)
    __rt_lib_init_lc_monetary_1              0x08000277   Thumb Code     0  libinit2.o(.ARM.Collect$$libinit$$00000015)
    __rt_lib_init_lc_numeric_1               0x08000277   Thumb Code     0  libinit2.o(.ARM.Collect$$libinit$$00000017)
    __rt_lib_init_lc_time_1                  0x08000277   Thumb Code     0  libinit2.o(.ARM.Collect$$libinit$$00000019)
    __rt_lib_init_return                     0x08000277   Thumb Code     0  libinit2.o(.ARM.Collect$$libinit$$00000033)
    __rt_lib_init_signal_1                   0x08000277   Thumb Code     0  libinit2.o(.ARM.Collect$$libinit$$0000001D)
    __rt_lib_init_stdio_1                    0x08000277   Thumb Code     0  libinit2.o(.ARM.Collect$$libinit$$00000025)
    __rt_lib_shutdown                        0x08000279   Thumb Code     0  libshutdown.o(.ARM.Collect$$libshutdown$$00000000)
    __rt_lib_shutdown_cpp_1                  0x0800027b   Thumb Code     0  libshutdown2.o(.ARM.Collect$$libshutdown$$00000004)
    __rt_lib_shutdown_fini_1                 0x0800027b   Thumb Code     0  libshutdown2.o(.ARM.Collect$$libshutdown$$00000002)
    __rt_lib_shutdown_fp_trap_1              0x0800027b   Thumb Code     0  libshutdown2.o(.ARM.Collect$$libshutdown$$00000009)
    __rt_lib_shutdown_heap_1                 0x0800027b   Thumb Code     0  libshutdown2.o(.ARM.Collect$$libshutdown$$00000011)
    __rt_lib_shutdown_return                 0x0800027b   Thumb Code     0  libshutdown2.o(.ARM.Collect$$libshutdown$$00000012)
    __rt_lib_shutdown_signal_1               0x0800027b   Thumb Code     0  libshutdown2.o(.ARM.Collect$$libshutdown$$0000000C)
    __rt_lib_shutdown_stdio_1                0x0800027b   Thumb Code     0  libshutdown2.o(.ARM.Collect$$libshutdown$$00000006)
    __rt_lib_shutdown_user_alloc_1           0x0800027b   Thumb Code     0  libshutdown2.o(.ARM.Collect$$libshutdown$$0000000E)
    __rt_entry                               0x0800027d   Thumb Code     0  __rtentry.o(.ARM.Collect$$rtentry$$00000000)
    __rt_entry_presh_1                       0x0800027d   Thumb Code     0  __rtentry2.o(.ARM.Collect$$rtentry$$00000002)
    __rt_entry_sh                            0x0800027d   Thumb Code     0  __rtentry4.o(.ARM.Collect$$rtentry$$00000004)
    __rt_entry_li                            0x08000283   Thumb Code     0  __rtentry2.o(.ARM.Collect$$rtentry$$0000000A)
    __rt_entry_postsh_1                      0x08000283   Thumb Code     0  __rtentry2.o(.ARM.Collect$$rtentry$$00000009)
    __rt_entry_main                          0x08000287   Thumb Code     0  __rtentry2.o(.ARM.Collect$$rtentry$$0000000D)
    __rt_entry_postli_1                      0x08000287   Thumb Code     0  __rtentry2.o(.ARM.Collect$$rtentry$$0000000C)
    __rt_exit                                0x0800028f   Thumb Code     0  rtexit.o(.ARM.Collect$$rtexit$$00000000)
    __rt_exit_ls                             0x08000291   Thumb Code     0  rtexit2.o(.ARM.Collect$$rtexit$$00000003)
    __rt_exit_prels_1                        0x08000291   Thumb Code     0  rtexit2.o(.ARM.Collect$$rtexit$$00000002)
    __rt_exit_exit                           0x08000295   Thumb Code     0  rtexit2.o(.ARM.Collect$$rtexit$$00000004)
    Reset_Handler                            0x0800029d   Thumb Code     8  startup_stm32f429xx.o(.text)
    ADC_IRQHandler                           0x080002b7   Thumb Code     0  startup_stm32f429xx.o(.text)
    CAN1_RX0_IRQHandler                      0x080002b7   Thumb Code     0  startup_stm32f429xx.o(.text)
    CAN1_RX1_IRQHandler                      0x080002b7   Thumb Code     0  startup_stm32f429xx.o(.text)
    CAN1_SCE_IRQHandler                      0x080002b7   Thumb Code     0  startup_stm32f429xx.o(.text)
    CAN1_TX_IRQHandler                       0x080002b7   Thumb Code     0  startup_stm32f429xx.o(.text)
    CAN2_RX0_IRQHandler                      0x080002b7   Thumb Code     0  startup_stm32f429xx.o(.text)
    CAN2_RX1_IRQHandler                      0x080002b7   Thumb Code     0  startup_stm32f429xx.o(.text)
    CAN2_SCE_IRQHandler                      0x080002b7   Thumb Code     0  startup_stm32f429xx.o(.text)
    CAN2_TX_IRQHandler                       0x080002b7   Thumb Code     0  startup_stm32f429xx.o(.text)
    DCMI_IRQHandler                          0x080002b7   Thumb Code     0  startup_stm32f429xx.o(.text)
    DMA1_Stream0_IRQHandler                  0x080002b7   Thumb Code     0  startup_stm32f429xx.o(.text)
    DMA1_Stream1_IRQHandler                  0x080002b7   Thumb Code     0  startup_stm32f429xx.o(.text)
    DMA1_Stream2_IRQHandler                  0x080002b7   Thumb Code     0  startup_stm32f429xx.o(.text)
    DMA1_Stream3_IRQHandler                  0x080002b7   Thumb Code     0  startup_stm32f429xx.o(.text)
    DMA1_Stream4_IRQHandler                  0x080002b7   Thumb Code     0  startup_stm32f429xx.o(.text)
    DMA1_Stream5_IRQHandler                  0x080002b7   Thumb Code     0  startup_stm32f429xx.o(.text)
    DMA1_Stream6_IRQHandler                  0x080002b7   Thumb Code     0  startup_stm32f429xx.o(.text)
    DMA1_Stream7_IRQHandler                  0x080002b7   Thumb Code     0  startup_stm32f429xx.o(.text)
    DMA2D_IRQHandler                         0x080002b7   Thumb Code     0  startup_stm32f429xx.o(.text)
    DMA2_Stream0_IRQHandler                  0x080002b7   Thumb Code     0  startup_stm32f429xx.o(.text)
    DMA2_Stream1_IRQHandler                  0x080002b7   Thumb Code     0  startup_stm32f429xx.o(.text)
    DMA2_Stream2_IRQHandler                  0x080002b7   Thumb Code     0  startup_stm32f429xx.o(.text)
    DMA2_Stream3_IRQHandler                  0x080002b7   Thumb Code     0  startup_stm32f429xx.o(.text)
    DMA2_Stream4_IRQHandler                  0x080002b7   Thumb Code     0  startup_stm32f429xx.o(.text)
    DMA2_Stream5_IRQHandler                  0x080002b7   Thumb Code     0  startup_stm32f429xx.o(.text)
    DMA2_Stream6_IRQHandler                  0x080002b7   Thumb Code     0  startup_stm32f429xx.o(.text)
    DMA2_Stream7_IRQHandler                  0x080002b7   Thumb Code     0  startup_stm32f429xx.o(.text)
    ETH_IRQHandler                           0x080002b7   Thumb Code     0  startup_stm32f429xx.o(.text)
    ETH_WKUP_IRQHandler                      0x080002b7   Thumb Code     0  startup_stm32f429xx.o(.text)
    EXTI0_IRQHandler                         0x080002b7   Thumb Code     0  startup_stm32f429xx.o(.text)
    EXTI15_10_IRQHandler                     0x080002b7   Thumb Code     0  startup_stm32f429xx.o(.text)
    EXTI1_IRQHandler                         0x080002b7   Thumb Code     0  startup_stm32f429xx.o(.text)
    EXTI2_IRQHandler                         0x080002b7   Thumb Code     0  startup_stm32f429xx.o(.text)
    EXTI3_IRQHandler                         0x080002b7   Thumb Code     0  startup_stm32f429xx.o(.text)
    EXTI4_IRQHandler                         0x080002b7   Thumb Code     0  startup_stm32f429xx.o(.text)
    EXTI9_5_IRQHandler                       0x080002b7   Thumb Code     0  startup_stm32f429xx.o(.text)
    FLASH_IRQHandler                         0x080002b7   Thumb Code     0  startup_stm32f429xx.o(.text)
    FMC_IRQHandler                           0x080002b7   Thumb Code     0  startup_stm32f429xx.o(.text)
    FPU_IRQHandler                           0x080002b7   Thumb Code     0  startup_stm32f429xx.o(.text)
    HASH_RNG_IRQHandler                      0x080002b7   Thumb Code     0  startup_stm32f429xx.o(.text)
    I2C1_ER_IRQHandler                       0x080002b7   Thumb Code     0  startup_stm32f429xx.o(.text)
    I2C1_EV_IRQHandler                       0x080002b7   Thumb Code     0  startup_stm32f429xx.o(.text)
    I2C2_ER_IRQHandler                       0x080002b7   Thumb Code     0  startup_stm32f429xx.o(.text)
    I2C2_EV_IRQHandler                       0x080002b7   Thumb Code     0  startup_stm32f429xx.o(.text)
    I2C3_ER_IRQHandler                       0x080002b7   Thumb Code     0  startup_stm32f429xx.o(.text)
    I2C3_EV_IRQHandler                       0x080002b7   Thumb Code     0  startup_stm32f429xx.o(.text)
    LTDC_ER_IRQHandler                       0x080002b7   Thumb Code     0  startup_stm32f429xx.o(.text)
    LTDC_IRQHandler                          0x080002b7   Thumb Code     0  startup_stm32f429xx.o(.text)
    OTG_FS_WKUP_IRQHandler                   0x080002b7   Thumb Code     0  startup_stm32f429xx.o(.text)
    OTG_HS_EP1_IN_IRQHandler                 0x080002b7   Thumb Code     0  startup_stm32f429xx.o(.text)
    OTG_HS_EP1_OUT_IRQHandler                0x080002b7   Thumb Code     0  startup_stm32f429xx.o(.text)
    OTG_HS_IRQHandler                        0x080002b7   Thumb Code     0  startup_stm32f429xx.o(.text)
    OTG_HS_WKUP_IRQHandler                   0x080002b7   Thumb Code     0  startup_stm32f429xx.o(.text)
    PVD_IRQHandler                           0x080002b7   Thumb Code     0  startup_stm32f429xx.o(.text)
    RCC_IRQHandler                           0x080002b7   Thumb Code     0  startup_stm32f429xx.o(.text)
    RTC_Alarm_IRQHandler                     0x080002b7   Thumb Code     0  startup_stm32f429xx.o(.text)
    RTC_WKUP_IRQHandler                      0x080002b7   Thumb Code     0  startup_stm32f429xx.o(.text)
    SAI1_IRQHandler                          0x080002b7   Thumb Code     0  startup_stm32f429xx.o(.text)
    SDIO_IRQHandler                          0x080002b7   Thumb Code     0  startup_stm32f429xx.o(.text)
    SPI1_IRQHandler                          0x080002b7   Thumb Code     0  startup_stm32f429xx.o(.text)
    SPI2_IRQHandler                          0x080002b7   Thumb Code     0  startup_stm32f429xx.o(.text)
    SPI3_IRQHandler                          0x080002b7   Thumb Code     0  startup_stm32f429xx.o(.text)
    SPI4_IRQHandler                          0x080002b7   Thumb Code     0  startup_stm32f429xx.o(.text)
    SPI5_IRQHandler                          0x080002b7   Thumb Code     0  startup_stm32f429xx.o(.text)
    SPI6_IRQHandler                          0x080002b7   Thumb Code     0  startup_stm32f429xx.o(.text)
    TAMP_STAMP_IRQHandler                    0x080002b7   Thumb Code     0  startup_stm32f429xx.o(.text)
    TIM1_BRK_TIM9_IRQHandler                 0x080002b7   Thumb Code     0  startup_stm32f429xx.o(.text)
    TIM1_CC_IRQHandler                       0x080002b7   Thumb Code     0  startup_stm32f429xx.o(.text)
    TIM1_TRG_COM_TIM11_IRQHandler            0x080002b7   Thumb Code     0  startup_stm32f429xx.o(.text)
    TIM1_UP_TIM10_IRQHandler                 0x080002b7   Thumb Code     0  startup_stm32f429xx.o(.text)
    TIM2_IRQHandler                          0x080002b7   Thumb Code     0  startup_stm32f429xx.o(.text)
    TIM3_IRQHandler                          0x080002b7   Thumb Code     0  startup_stm32f429xx.o(.text)
    TIM4_IRQHandler                          0x080002b7   Thumb Code     0  startup_stm32f429xx.o(.text)
    TIM5_IRQHandler                          0x080002b7   Thumb Code     0  startup_stm32f429xx.o(.text)
    TIM6_DAC_IRQHandler                      0x080002b7   Thumb Code     0  startup_stm32f429xx.o(.text)
    TIM7_IRQHandler                          0x080002b7   Thumb Code     0  startup_stm32f429xx.o(.text)
    TIM8_BRK_TIM12_IRQHandler                0x080002b7   Thumb Code     0  startup_stm32f429xx.o(.text)
    TIM8_CC_IRQHandler                       0x080002b7   Thumb Code     0  startup_stm32f429xx.o(.text)
    TIM8_TRG_COM_TIM14_IRQHandler            0x080002b7   Thumb Code     0  startup_stm32f429xx.o(.text)
    TIM8_UP_TIM13_IRQHandler                 0x080002b7   Thumb Code     0  startup_stm32f429xx.o(.text)
    UART4_IRQHandler                         0x080002b7   Thumb Code     0  startup_stm32f429xx.o(.text)
    UART5_IRQHandler                         0x080002b7   Thumb Code     0  startup_stm32f429xx.o(.text)
    UART7_IRQHandler                         0x080002b7   Thumb Code     0  startup_stm32f429xx.o(.text)
    UART8_IRQHandler                         0x080002b7   Thumb Code     0  startup_stm32f429xx.o(.text)
    USART1_IRQHandler                        0x080002b7   Thumb Code     0  startup_stm32f429xx.o(.text)
    USART2_IRQHandler                        0x080002b7   Thumb Code     0  startup_stm32f429xx.o(.text)
    USART3_IRQHandler                        0x080002b7   Thumb Code     0  startup_stm32f429xx.o(.text)
    USART6_IRQHandler                        0x080002b7   Thumb Code     0  startup_stm32f429xx.o(.text)
    WWDG_IRQHandler                          0x080002b7   Thumb Code     0  startup_stm32f429xx.o(.text)
    __user_initial_stackheap                 0x080002b9   Thumb Code     0  startup_stm32f429xx.o(.text)
    __use_no_semihosting                     0x080002dd   Thumb Code     2  use_no_semi_2.o(.text)
    __rt_ctype_table                         0x080002e1   Thumb Code    16  rt_ctype_table.o(.text)
    __aeabi_uldivmod                         0x080002f1   Thumb Code     0  lludivv7m.o(.text)
    _ll_udiv                                 0x080002f1   Thumb Code   238  lludivv7m.o(.text)
    __2printf                                0x080003e1   Thumb Code    20  noretval__2printf.o(.text)
    _printf_pre_padding                      0x080003f9   Thumb Code    44  _printf_pad.o(.text)
    _printf_post_padding                     0x08000425   Thumb Code    34  _printf_pad.o(.text)
    _printf_truncate_signed                  0x08000447   Thumb Code    18  _printf_truncate.o(.text)
    _printf_truncate_unsigned                0x08000459   Thumb Code    18  _printf_truncate.o(.text)
    _printf_str                              0x0800046b   Thumb Code    82  _printf_str.o(.text)
    _printf_int_dec                          0x080004bd   Thumb Code   104  _printf_dec.o(.text)
    _printf_wctomb                           0x08000535   Thumb Code   182  _printf_wctomb.o(.text)
    _printf_int_oct                          0x080005f1   Thumb Code    72  _printf_oct_int.o(.text)
    _printf_longlong_oct                     0x080005f1   Thumb Code     0  _printf_oct_int.o(.text)
    _printf_int_hex                          0x08000641   Thumb Code    84  _printf_hex_int.o(.text)
    _printf_longlong_hex                     0x08000641   Thumb Code     0  _printf_hex_int.o(.text)
    __printf                                 0x08000699   Thumb Code   388  __printf_flags_ss_wp.o(.text)
    strlen                                   0x08000821   Thumb Code    62  strlen.o(.text)
    __aeabi_memcpy                           0x0800085f   Thumb Code     0  rt_memcpy_v6.o(.text)
    __rt_memcpy                              0x0800085f   Thumb Code   138  rt_memcpy_v6.o(.text)
    _memcpy_lastbytes                        0x080008c5   Thumb Code     0  rt_memcpy_v6.o(.text)
    __aeabi_memset                           0x080008e9   Thumb Code    16  aeabi_memset.o(.text)
    __aeabi_memclr                           0x080008f9   Thumb Code     0  rt_memclr.o(.text)
    __rt_memclr                              0x080008f9   Thumb Code    68  rt_memclr.o(.text)
    _memset                                  0x080008fd   Thumb Code     0  rt_memclr.o(.text)
    __aeabi_memclr4                          0x0800093d   Thumb Code     0  rt_memclr_w.o(.text)
    __aeabi_memclr8                          0x0800093d   Thumb Code     0  rt_memclr_w.o(.text)
    __rt_memclr_w                            0x0800093d   Thumb Code    78  rt_memclr_w.o(.text)
    _memset_w                                0x08000941   Thumb Code     0  rt_memclr_w.o(.text)
    __use_two_region_memory                  0x0800098b   Thumb Code     2  heapauxi.o(.text)
    __rt_heap_escrow$2region                 0x0800098d   Thumb Code     2  heapauxi.o(.text)
    __rt_heap_expand$2region                 0x0800098f   Thumb Code     2  heapauxi.o(.text)
    __semihosting$guard                      0x08000991   Thumb Code     0  use_no_semi.o(.text)
    __use_no_semihosting_swi                 0x08000991   Thumb Code     2  use_no_semi.o(.text)
    __rt_locale                              0x08000995   Thumb Code     8  rt_locale_intlibspace.o(.text)
    _printf_int_common                       0x0800099d   Thumb Code   178  _printf_intcommon.o(.text)
    _printf_cs_common                        0x08000a4f   Thumb Code    20  _printf_char.o(.text)
    _printf_char                             0x08000a63   Thumb Code    16  _printf_char.o(.text)
    _printf_string                           0x08000a73   Thumb Code     8  _printf_char.o(.text)
    _printf_char_file                        0x08000a7d   Thumb Code    32  _printf_char_file.o(.text)
    _printf_lcs_common                       0x08000aa1   Thumb Code    20  _printf_wchar.o(.text)
    _printf_wchar                            0x08000ab5   Thumb Code    16  _printf_wchar.o(.text)
    _printf_wstring                          0x08000ac5   Thumb Code     8  _printf_wchar.o(.text)
    _wcrtomb                                 0x08000acd   Thumb Code    64  _wcrtomb.o(.text)
    __aeabi_memcpy4                          0x08000b0d   Thumb Code     0  rt_memcpy_w.o(.text)
    __aeabi_memcpy8                          0x08000b0d   Thumb Code     0  rt_memcpy_w.o(.text)
    __rt_memcpy_w                            0x08000b0d   Thumb Code   100  rt_memcpy_w.o(.text)
    _memcpy_lastbytes_aligned                0x08000b55   Thumb Code     0  rt_memcpy_w.o(.text)
    __user_libspace                          0x08000b71   Thumb Code     8  libspace.o(.text)
    __user_perproc_libspace                  0x08000b71   Thumb Code     0  libspace.o(.text)
    __user_perthread_libspace                0x08000b71   Thumb Code     0  libspace.o(.text)
    _printf_char_common                      0x08000b83   Thumb Code    32  _printf_char_common.o(.text)
    ferror                                   0x08000ba9   Thumb Code     8  ferror.o(.text)
    strcmp                                   0x08000bb1   Thumb Code   128  strcmpv7m.o(.text)
    __user_setup_stackheap                   0x08000c31   Thumb Code    74  sys_stackheap_outer.o(.text)
    exit                                     0x08000c7b   Thumb Code    18  exit.o(.text)
    BusFault_Handler                         0x08000c8d   Thumb Code     4  stm32f4xx_it.o(i.BusFault_Handler)
    DebugMon_Handler                         0x08000c91   Thumb Code     2  stm32f4xx_it.o(i.DebugMon_Handler)
    Error_Handler                            0x08000c93   Thumb Code     6  main.o(i.Error_Handler)
    HAL_GPIO_Init                            0x08000c99   Thumb Code   474  stm32f4xx_hal_gpio.o(i.HAL_GPIO_Init)
    HAL_GPIO_WritePin                        0x08000ea9   Thumb Code    12  stm32f4xx_hal_gpio.o(i.HAL_GPIO_WritePin)
    HAL_GetTick                              0x08000eb5   Thumb Code     6  stm32f4xx_hal.o(i.HAL_GetTick)
    HAL_IncTick                              0x08000ec1   Thumb Code    16  stm32f4xx_hal.o(i.HAL_IncTick)
    HAL_Init                                 0x08000ed9   Thumb Code    54  stm32f4xx_hal.o(i.HAL_Init)
    HAL_InitTick                             0x08000f15   Thumb Code    64  stm32f4xx_hal.o(i.HAL_InitTick)
    HAL_MspInit                              0x08000f61   Thumb Code    68  stm32f4xx_hal_msp.o(i.HAL_MspInit)
    HAL_NVIC_EnableIRQ                       0x08000fa9   Thumb Code    40  stm32f4xx_hal_cortex.o(i.HAL_NVIC_EnableIRQ)
    HAL_NVIC_SetPriority                     0x08000fd1   Thumb Code   124  stm32f4xx_hal_cortex.o(i.HAL_NVIC_SetPriority)
    HAL_NVIC_SetPriorityGrouping             0x0800104d   Thumb Code    32  stm32f4xx_hal_cortex.o(i.HAL_NVIC_SetPriorityGrouping)
    HAL_RCC_ClockConfig                      0x08001075   Thumb Code   368  stm32f4xx_hal_rcc.o(i.HAL_RCC_ClockConfig)
    HAL_RCC_GetHCLKFreq                      0x080011f9   Thumb Code     6  stm32f4xx_hal_rcc.o(i.HAL_RCC_GetHCLKFreq)
    HAL_RCC_GetPCLK1Freq                     0x08001205   Thumb Code    22  stm32f4xx_hal_rcc.o(i.HAL_RCC_GetPCLK1Freq)
    HAL_RCC_GetPCLK2Freq                     0x08001225   Thumb Code    22  stm32f4xx_hal_rcc.o(i.HAL_RCC_GetPCLK2Freq)
    HAL_RCC_GetSysClockFreq                  0x08001245   Thumb Code   162  stm32f4xx_hal_rcc.o(i.HAL_RCC_GetSysClockFreq)
    HAL_RCC_OscConfig                        0x080012f5   Thumb Code  1172  stm32f4xx_hal_rcc.o(i.HAL_RCC_OscConfig)
    HAL_SYSTICK_Config                       0x08001791   Thumb Code    52  stm32f4xx_hal_cortex.o(i.HAL_SYSTICK_Config)
    HAL_UART_Init                            0x080017c5   Thumb Code   118  stm32f4xx_hal_uart.o(i.HAL_UART_Init)
    HAL_UART_MspInit                         0x0800183d   Thumb Code   124  usart.o(i.HAL_UART_MspInit)
    HardFault_Handler                        0x080018c5   Thumb Code     4  stm32f4xx_it.o(i.HardFault_Handler)
    MX_GPIO_Init                             0x080018c9   Thumb Code   170  gpio.o(i.MX_GPIO_Init)
    MX_USART1_UART_Init                      0x0800197d   Thumb Code    46  usart.o(i.MX_USART1_UART_Init)
    MemManage_Handler                        0x080019b5   Thumb Code     4  stm32f4xx_it.o(i.MemManage_Handler)
    NMI_Handler                              0x080019b9   Thumb Code     4  stm32f4xx_it.o(i.NMI_Handler)
    OTG_FS_IRQHandler                        0x080019bd   Thumb Code    10  stm32f4xx_it.o(i.OTG_FS_IRQHandler)
    PendSV_Handler                           0x080019c7   Thumb Code     2  stm32f4xx_it.o(i.PendSV_Handler)
    SVC_Handler                              0x080019c9   Thumb Code     2  stm32f4xx_it.o(i.SVC_Handler)
    SysTick_Handler                          0x080019cb   Thumb Code     8  stm32f4xx_it.o(i.SysTick_Handler)
    SystemClock_Config                       0x080019d5   Thumb Code   172  main.o(i.SystemClock_Config)
    SystemInit                               0x08001a89   Thumb Code    14  system_stm32f4xx.o(i.SystemInit)
    UsageFault_Handler                       0x08001cc9   Thumb Code     4  stm32f4xx_it.o(i.UsageFault_Handler)
    _is_digit                                0x0800207b   Thumb Code    14  __printf_wp.o(i._is_digit)
    _sys_exit                                0x08002125   Thumb Code     4  usart.o(i._sys_exit)
    cdc_task                                 0x0800257d   Thumb Code    64  cdc_app.o(i.cdc_task)
    cdcd_control_xfer_cb                     0x080025bd   Thumb Code   312  cdc_device.o(i.cdcd_control_xfer_cb)
    cdcd_deinit                              0x0800276d   Thumb Code     4  cdc_device.o(i.cdcd_deinit)
    cdcd_init                                0x08002771   Thumb Code   106  cdc_device.o(i.cdcd_init)
    cdcd_open                                0x080027e5   Thumb Code   318  cdc_device.o(i.cdcd_open)
    cdcd_reset                               0x08002945   Thumb Code    84  cdc_device.o(i.cdcd_reset)
    cdcd_xfer_cb                             0x080029a1   Thumb Code   256  cdc_device.o(i.cdcd_xfer_cb)
    dcd_connect                              0x08002bed   Thumb Code    24  dcd_dwc2.o(i.dcd_connect)
    dcd_disconnect                           0x08002c09   Thumb Code    24  dcd_dwc2.o(i.dcd_disconnect)
    dcd_edpt0_status_complete                0x08002c25   Thumb Code     2  usbd_control.o(i.dcd_edpt0_status_complete)
    dcd_edpt_clear_stall                     0x08002c29   Thumb Code   132  dcd_dwc2.o(i.dcd_edpt_clear_stall)
    dcd_edpt_close_all                       0x08002cb1   Thumb Code   206  dcd_dwc2.o(i.dcd_edpt_close_all)
    dcd_edpt_open                            0x08002d8d   Thumb Code    64  dcd_dwc2.o(i.dcd_edpt_open)
    dcd_edpt_stall                           0x08002de9   Thumb Code    18  dcd_dwc2.o(i.dcd_edpt_stall)
    dcd_edpt_xfer                            0x08002dfd   Thumb Code   144  dcd_dwc2.o(i.dcd_edpt_xfer)
    dcd_event_handler                        0x08002e95   Thumb Code   668  usbd.o(i.dcd_event_handler)
    dcd_init                                 0x08003169   Thumb Code   200  dcd_dwc2.o(i.dcd_init)
    dcd_int_disable                          0x08003239   Thumb Code    50  dcd_dwc2.o(i.dcd_int_disable)
    dcd_int_enable                           0x08003275   Thumb Code    54  dcd_dwc2.o(i.dcd_int_enable)
    dcd_int_handler                          0x080032b1   Thumb Code   406  dcd_dwc2.o(i.dcd_int_handler)
    dcd_set_address                          0x08003455   Thumb Code    64  dcd_dwc2.o(i.dcd_set_address)
    dcd_sof_enable                           0x08003499   Thumb Code    40  dcd_dwc2.o(i.dcd_sof_enable)
    fputc                                    0x08003b19   Thumb Code    22  usart.o(i.fputc)
    main                                     0x08003eed   Thumb Code    46  main.o(i.main)
    print_dwc2_info                          0x08004055   Thumb Code    44  dcd_dwc2.o(i.print_dwc2_info)
    tu_edpt_bind_driver                      0x08004a41   Thumb Code    74  tusb.o(i.tu_edpt_bind_driver)
    tu_edpt_claim                            0x08004ab1   Thumb Code    68  tusb.o(i.tu_edpt_claim)
    tu_edpt_release                          0x08004af5   Thumb Code    38  tusb.o(i.tu_edpt_release)
    tu_edpt_validate                         0x08004b1d   Thumb Code   202  tusb.o(i.tu_edpt_validate)
    tu_fifo_clear                            0x08004c25   Thumb Code    12  tusb_fifo.o(i.tu_fifo_clear)
    tu_fifo_config                           0x08004c31   Thumb Code    46  tusb_fifo.o(i.tu_fifo_config)
    tu_fifo_count                            0x08004c5f   Thumb Code    44  tusb_fifo.o(i.tu_fifo_count)
    tu_fifo_empty                            0x08004c8b   Thumb Code    18  tusb_fifo.o(i.tu_fifo_empty)
    tu_fifo_full                             0x08004c9d   Thumb Code    42  tusb_fifo.o(i.tu_fifo_full)
    tu_fifo_read                             0x08004cc7   Thumb Code    36  tusb_fifo.o(i.tu_fifo_read)
    tu_fifo_read_n                           0x08004ceb   Thumb Code    22  tusb_fifo.o(i.tu_fifo_read_n)
    tu_fifo_read_n_const_addr_full_words     0x08004d01   Thumb Code    22  tusb_fifo.o(i.tu_fifo_read_n_const_addr_full_words)
    tu_fifo_remaining                        0x08004d17   Thumb Code    62  tusb_fifo.o(i.tu_fifo_remaining)
    tu_fifo_set_overwritable                 0x08004d55   Thumb Code    14  tusb_fifo.o(i.tu_fifo_set_overwritable)
    tu_fifo_write                            0x08004d63   Thumb Code    96  tusb_fifo.o(i.tu_fifo_write)
    tu_fifo_write_n                          0x08004dc3   Thumb Code    22  tusb_fifo.o(i.tu_fifo_write_n)
    tu_fifo_write_n_const_addr_full_words    0x08004dd9   Thumb Code    22  tusb_fifo.o(i.tu_fifo_write_n_const_addr_full_words)
    tu_print_mem                             0x08004df1   Thumb Code   252  tusb.o(i.tu_print_mem)
    tud_cdc_n_available                      0x08004f09   Thumb Code    28  cdc_device.o(i.tud_cdc_n_available)
    tud_cdc_n_read                           0x08004f29   Thumb Code    66  cdc_device.o(i.tud_cdc_n_read)
    tud_cdc_n_write                          0x08004f71   Thumb Code    78  cdc_device.o(i.tud_cdc_n_write)
    tud_cdc_n_write_flush                    0x08004fc5   Thumb Code   158  cdc_device.o(i.tud_cdc_n_write_flush)
    tud_control_status                       0x08005085   Thumb Code    36  usbd_control.o(i.tud_control_status)
    tud_control_xfer                         0x080050ad   Thumb Code   150  usbd_control.o(i.tud_control_xfer)
    tud_descriptor_bos_cb                    0x08005165   Thumb Code     4  usbd.o(i.tud_descriptor_bos_cb)
    tud_descriptor_configuration_cb          0x08005169   Thumb Code     6  usb_descriptors.o(i.tud_descriptor_configuration_cb)
    tud_descriptor_device_cb                 0x08005175   Thumb Code     4  usb_descriptors.o(i.tud_descriptor_device_cb)
    tud_descriptor_device_qualifier_cb       0x0800517d   Thumb Code     4  usbd.o(i.tud_descriptor_device_qualifier_cb)
    tud_descriptor_other_speed_configuration_cb 0x08005181   Thumb Code     6  usbd.o(i.tud_descriptor_other_speed_configuration_cb)
    tud_descriptor_string_cb                 0x08005189   Thumb Code   118  usb_descriptors.o(i.tud_descriptor_string_cb)
    tud_event_hook_cb                        0x08005209   Thumb Code     2  usbd.o(i.tud_event_hook_cb)
    tud_init                                 0x0800520d   Thumb Code   256  usbd.o(i.tud_init)
    tud_inited                               0x08005405   Thumb Code    16  usbd.o(i.tud_inited)
    tud_mount_cb                             0x08005419   Thumb Code     2  cdc_app.o(i.tud_mount_cb)
    tud_mounted                              0x0800541d   Thumb Code    14  usbd.o(i.tud_mounted)
    tud_resume_cb                            0x08005431   Thumb Code     2  usbd.o(i.tud_resume_cb)
    tud_sof_cb                               0x08005433   Thumb Code     2  usbd.o(i.tud_sof_cb)
    tud_suspend_cb                           0x08005435   Thumb Code     2  usbd.o(i.tud_suspend_cb)
    tud_suspended                            0x08005439   Thumb Code    10  usbd.o(i.tud_suspended)
    tud_task_ext                             0x08005449   Thumb Code   740  usbd.o(i.tud_task_ext)
    tud_umount_cb                            0x08005839   Thumb Code     2  cdc_app.o(i.tud_umount_cb)
    tud_vendor_control_xfer_cb               0x0800583b   Thumb Code     6  usbd.o(i.tud_vendor_control_xfer_cb)
    usb_dc_low_level_init                    0x08005841   Thumb Code   150  cdc_app.o(i.usb_dc_low_level_init)
    usbd_control_reset                       0x080058e1   Thumb Code    12  usbd_control.o(i.usbd_control_reset)
    usbd_control_set_complete_callback       0x080058f1   Thumb Code     6  usbd_control.o(i.usbd_control_set_complete_callback)
    usbd_control_set_request                 0x080058fd   Thumb Code    22  usbd_control.o(i.usbd_control_set_request)
    usbd_control_xfer_cb                     0x08005919   Thumb Code   276  usbd_control.o(i.usbd_control_xfer_cb)
    usbd_driver_print_control_complete_name  0x08005a51   Thumb Code    94  usbd.o(i.usbd_driver_print_control_complete_name)
    usbd_edpt_claim                          0x08005ad5   Thumb Code    44  usbd.o(i.usbd_edpt_claim)
    usbd_edpt_clear_stall                    0x08005b05   Thumb Code    88  usbd.o(i.usbd_edpt_clear_stall)
    usbd_edpt_open                           0x08005b81   Thumb Code    90  usbd.o(i.usbd_edpt_open)
    usbd_edpt_release                        0x08005c01   Thumb Code    44  usbd.o(i.usbd_edpt_release)
    usbd_edpt_stall                          0x08005c31   Thumb Code    92  usbd.o(i.usbd_edpt_stall)
    usbd_edpt_stalled                        0x08005ca9   Thumb Code    34  usbd.o(i.usbd_edpt_stalled)
    usbd_edpt_xfer                           0x08005cd1   Thumb Code   178  usbd.o(i.usbd_edpt_xfer)
    usbd_int_set                             0x08005dd9   Thumb Code    26  usbd.o(i.usbd_int_set)
    usbd_open_edpt_pair                      0x08005df9   Thumb Code   142  usbd.o(i.usbd_open_edpt_pair)
    _get_lc_ctype                            0x08005f1d   Thumb Code    44  lc_ctype_c.o(locale$$code)
    _fp_init                                 0x08005f49   Thumb Code    10  fpinit.o(x$fpl$fpinit)
    __fplib_config_fpu_vfp                   0x08005f51   Thumb Code     0  fpinit.o(x$fpl$fpinit)
    __fplib_config_pureend_doubles           0x08005f51   Thumb Code     0  fpinit.o(x$fpl$fpinit)
    AHBPrescTable                            0x08005f52   Data          16  system_stm32f4xx.o(.constdata)
    APBPrescTable                            0x08005f62   Data           8  system_stm32f4xx.o(.constdata)
    desc_device                              0x08005f6c   Data          18  usb_descriptors.o(.constdata)
    desc_fs_configuration                    0x08005f7e   Data         141  usb_descriptors.o(.constdata)
    tu_str_speed                             0x0800600c   Data          12  tusb.o(.constdata)
    tu_str_std_request                       0x08006018   Data          52  tusb.o(.constdata)
    tu_str_xfer_result                       0x0800604c   Data          16  tusb.o(.constdata)
    Region$$Table$$Base                      0x080064b0   Number         0  anon$$obj.o(Region$$Table)
    Region$$Table$$Limit                     0x080064d0   Number         0  anon$$obj.o(Region$$Table)
    __ctype                                  0x080064dd   Data           0  lc_ctype_c.o(locale$$data)
    __stdout                                 0x20000000   Data           4  usart.o(.data)
    uwTick                                   0x20000004   Data           4  stm32f4xx_hal.o(.data)
    uwTickPrio                               0x20000008   Data           4  stm32f4xx_hal.o(.data)
    uwTickFreq                               0x2000000c   Data           1  stm32f4xx_hal.o(.data)
    SystemCoreClock                          0x20000010   Data           4  system_stm32f4xx.o(.data)
    string_desc_arr                          0x20000014   Data          20  usb_descriptors.o(.data)
    _usbd_qdef                               0x20000044   Data          16  usbd.o(.data)
    huart1                                   0x20000058   Data          72  usart.o(.bss)
    _usbd_qdef_buf                           0x20000420   Data         192  usbd.o(.bss)
    __libspace_start                         0x20000534   Data          96  libspace.o(.bss)
    __temporary_stack_top$libspace           0x20000594   Data           0  libspace.o(.bss)



==============================================================================

Memory Map of the image

  Image Entry point : 0x080001ad

  Load Region LR_IROM1 (Base: 0x08000000, Size: 0x00006638, Max: 0x00100000, ABSOLUTE)

    Execution Region ER_IROM1 (Exec base: 0x08000000, Load base: 0x08000000, Size: 0x000065e0, Max: 0x00100000, ABSOLUTE)

    Exec Addr    Load Addr    Size         Type   Attr      Idx    E Section Name        Object

    0x08000000   0x08000000   0x000001ac   Data   RO            3    RESET               startup_stm32f429xx.o
    0x080001ac   0x080001ac   0x00000008   Code   RO         4118  * !!!main             c_w.l(__main.o)
    0x080001b4   0x080001b4   0x00000034   Code   RO         4312    !!!scatter          c_w.l(__scatter.o)
    0x080001e8   0x080001e8   0x0000001a   Code   RO         4314    !!handler_copy      c_w.l(__scatter_copy.o)
    0x08000202   0x08000202   0x00000002   PAD
    0x08000204   0x08000204   0x0000001c   Code   RO         4316    !!handler_zi        c_w.l(__scatter_zi.o)
    0x08000220   0x08000220   0x00000000   Code   RO         4104    .ARM.Collect$$_printf_percent$$00000000  c_w.l(_printf_percent.o)
    0x08000220   0x08000220   0x00000006   Code   RO         4101    .ARM.Collect$$_printf_percent$$00000008  c_w.l(_printf_i.o)
    0x08000226   0x08000226   0x00000006   Code   RO         4102    .ARM.Collect$$_printf_percent$$00000009  c_w.l(_printf_d.o)
    0x0800022c   0x0800022c   0x00000006   Code   RO         4103    .ARM.Collect$$_printf_percent$$0000000A  c_w.l(_printf_u.o)
    0x08000232   0x08000232   0x00000006   Code   RO         4100    .ARM.Collect$$_printf_percent$$0000000B  c_w.l(_printf_o.o)
    0x08000238   0x08000238   0x00000006   Code   RO         4099    .ARM.Collect$$_printf_percent$$0000000C  c_w.l(_printf_x.o)
    0x0800023e   0x0800023e   0x0000000a   Code   RO         4141    .ARM.Collect$$_printf_percent$$00000012  c_w.l(_printf_l.o)
    0x08000248   0x08000248   0x00000006   Code   RO         4097    .ARM.Collect$$_printf_percent$$00000013  c_w.l(_printf_c.o)
    0x0800024e   0x0800024e   0x00000006   Code   RO         4098    .ARM.Collect$$_printf_percent$$00000014  c_w.l(_printf_s.o)
    0x08000254   0x08000254   0x00000006   Code   RO         4105    .ARM.Collect$$_printf_percent$$00000015  c_w.l(_printf_lc.o)
    0x0800025a   0x0800025a   0x00000004   Code   RO         4140    .ARM.Collect$$_printf_percent$$00000017  c_w.l(_printf_percent_end.o)
    0x0800025e   0x0800025e   0x00000002   Code   RO         4239    .ARM.Collect$$libinit$$00000000  c_w.l(libinit.o)
    0x08000260   0x08000260   0x00000004   Code   RO         4177    .ARM.Collect$$libinit$$00000001  c_w.l(libinit2.o)
    0x08000264   0x08000264   0x00000000   Code   RO         4180    .ARM.Collect$$libinit$$00000004  c_w.l(libinit2.o)
    0x08000264   0x08000264   0x00000000   Code   RO         4183    .ARM.Collect$$libinit$$0000000A  c_w.l(libinit2.o)
    0x08000264   0x08000264   0x00000000   Code   RO         4185    .ARM.Collect$$libinit$$0000000C  c_w.l(libinit2.o)
    0x08000264   0x08000264   0x00000000   Code   RO         4187    .ARM.Collect$$libinit$$0000000E  c_w.l(libinit2.o)
    0x08000264   0x08000264   0x00000006   Code   RO         4188    .ARM.Collect$$libinit$$0000000F  c_w.l(libinit2.o)
    0x0800026a   0x0800026a   0x00000000   Code   RO         4190    .ARM.Collect$$libinit$$00000011  c_w.l(libinit2.o)
    0x0800026a   0x0800026a   0x0000000c   Code   RO         4191    .ARM.Collect$$libinit$$00000012  c_w.l(libinit2.o)
    0x08000276   0x08000276   0x00000000   Code   RO         4192    .ARM.Collect$$libinit$$00000013  c_w.l(libinit2.o)
    0x08000276   0x08000276   0x00000000   Code   RO         4194    .ARM.Collect$$libinit$$00000015  c_w.l(libinit2.o)
    0x08000276   0x08000276   0x00000000   Code   RO         4196    .ARM.Collect$$libinit$$00000017  c_w.l(libinit2.o)
    0x08000276   0x08000276   0x00000000   Code   RO         4198    .ARM.Collect$$libinit$$00000019  c_w.l(libinit2.o)
    0x08000276   0x08000276   0x00000000   Code   RO         4200    .ARM.Collect$$libinit$$0000001B  c_w.l(libinit2.o)
    0x08000276   0x08000276   0x00000000   Code   RO         4202    .ARM.Collect$$libinit$$0000001D  c_w.l(libinit2.o)
    0x08000276   0x08000276   0x00000000   Code   RO         4204    .ARM.Collect$$libinit$$0000001F  c_w.l(libinit2.o)
    0x08000276   0x08000276   0x00000000   Code   RO         4206    .ARM.Collect$$libinit$$00000021  c_w.l(libinit2.o)
    0x08000276   0x08000276   0x00000000   Code   RO         4208    .ARM.Collect$$libinit$$00000023  c_w.l(libinit2.o)
    0x08000276   0x08000276   0x00000000   Code   RO         4210    .ARM.Collect$$libinit$$00000025  c_w.l(libinit2.o)
    0x08000276   0x08000276   0x00000000   Code   RO         4214    .ARM.Collect$$libinit$$0000002C  c_w.l(libinit2.o)
    0x08000276   0x08000276   0x00000000   Code   RO         4216    .ARM.Collect$$libinit$$0000002E  c_w.l(libinit2.o)
    0x08000276   0x08000276   0x00000000   Code   RO         4218    .ARM.Collect$$libinit$$00000030  c_w.l(libinit2.o)
    0x08000276   0x08000276   0x00000000   Code   RO         4220    .ARM.Collect$$libinit$$00000032  c_w.l(libinit2.o)
    0x08000276   0x08000276   0x00000002   Code   RO         4221    .ARM.Collect$$libinit$$00000033  c_w.l(libinit2.o)
    0x08000278   0x08000278   0x00000002   Code   RO         4277    .ARM.Collect$$libshutdown$$00000000  c_w.l(libshutdown.o)
    0x0800027a   0x0800027a   0x00000000   Code   RO         4293    .ARM.Collect$$libshutdown$$00000002  c_w.l(libshutdown2.o)
    0x0800027a   0x0800027a   0x00000000   Code   RO         4295    .ARM.Collect$$libshutdown$$00000004  c_w.l(libshutdown2.o)
    0x0800027a   0x0800027a   0x00000000   Code   RO         4297    .ARM.Collect$$libshutdown$$00000006  c_w.l(libshutdown2.o)
    0x0800027a   0x0800027a   0x00000000   Code   RO         4300    .ARM.Collect$$libshutdown$$00000009  c_w.l(libshutdown2.o)
    0x0800027a   0x0800027a   0x00000000   Code   RO         4303    .ARM.Collect$$libshutdown$$0000000C  c_w.l(libshutdown2.o)
    0x0800027a   0x0800027a   0x00000000   Code   RO         4305    .ARM.Collect$$libshutdown$$0000000E  c_w.l(libshutdown2.o)
    0x0800027a   0x0800027a   0x00000000   Code   RO         4308    .ARM.Collect$$libshutdown$$00000011  c_w.l(libshutdown2.o)
    0x0800027a   0x0800027a   0x00000002   Code   RO         4309    .ARM.Collect$$libshutdown$$00000012  c_w.l(libshutdown2.o)
    0x0800027c   0x0800027c   0x00000000   Code   RO         4122    .ARM.Collect$$rtentry$$00000000  c_w.l(__rtentry.o)
    0x0800027c   0x0800027c   0x00000000   Code   RO         4153    .ARM.Collect$$rtentry$$00000002  c_w.l(__rtentry2.o)
    0x0800027c   0x0800027c   0x00000006   Code   RO         4165    .ARM.Collect$$rtentry$$00000004  c_w.l(__rtentry4.o)
    0x08000282   0x08000282   0x00000000   Code   RO         4155    .ARM.Collect$$rtentry$$00000009  c_w.l(__rtentry2.o)
    0x08000282   0x08000282   0x00000004   Code   RO         4156    .ARM.Collect$$rtentry$$0000000A  c_w.l(__rtentry2.o)
    0x08000286   0x08000286   0x00000000   Code   RO         4158    .ARM.Collect$$rtentry$$0000000C  c_w.l(__rtentry2.o)
    0x08000286   0x08000286   0x00000008   Code   RO         4159    .ARM.Collect$$rtentry$$0000000D  c_w.l(__rtentry2.o)
    0x0800028e   0x0800028e   0x00000002   Code   RO         4242    .ARM.Collect$$rtexit$$00000000  c_w.l(rtexit.o)
    0x08000290   0x08000290   0x00000000   Code   RO         4255    .ARM.Collect$$rtexit$$00000002  c_w.l(rtexit2.o)
    0x08000290   0x08000290   0x00000004   Code   RO         4256    .ARM.Collect$$rtexit$$00000003  c_w.l(rtexit2.o)
    0x08000294   0x08000294   0x00000006   Code   RO         4257    .ARM.Collect$$rtexit$$00000004  c_w.l(rtexit2.o)
    0x0800029a   0x0800029a   0x00000002   PAD
    0x0800029c   0x0800029c   0x00000040   Code   RO            4    .text               startup_stm32f429xx.o
    0x080002dc   0x080002dc   0x00000002   Code   RO         4027    .text               c_w.l(use_no_semi_2.o)
    0x080002de   0x080002de   0x00000002   PAD
    0x080002e0   0x080002e0   0x00000010   Code   RO         4029    .text               c_w.l(rt_ctype_table.o)
    0x080002f0   0x080002f0   0x000000ee   Code   RO         4031    .text               c_w.l(lludivv7m.o)
    0x080003de   0x080003de   0x00000002   PAD
    0x080003e0   0x080003e0   0x00000018   Code   RO         4035    .text               c_w.l(noretval__2printf.o)
    0x080003f8   0x080003f8   0x0000004e   Code   RO         4039    .text               c_w.l(_printf_pad.o)
    0x08000446   0x08000446   0x00000024   Code   RO         4041    .text               c_w.l(_printf_truncate.o)
    0x0800046a   0x0800046a   0x00000052   Code   RO         4043    .text               c_w.l(_printf_str.o)
    0x080004bc   0x080004bc   0x00000078   Code   RO         4045    .text               c_w.l(_printf_dec.o)
    0x08000534   0x08000534   0x000000bc   Code   RO         4047    .text               c_w.l(_printf_wctomb.o)
    0x080005f0   0x080005f0   0x00000050   Code   RO         4052    .text               c_w.l(_printf_oct_int.o)
    0x08000640   0x08000640   0x00000058   Code   RO         4059    .text               c_w.l(_printf_hex_int.o)
    0x08000698   0x08000698   0x00000188   Code   RO         4094    .text               c_w.l(__printf_flags_ss_wp.o)
    0x08000820   0x08000820   0x0000003e   Code   RO         4106    .text               c_w.l(strlen.o)
    0x0800085e   0x0800085e   0x0000008a   Code   RO         4108    .text               c_w.l(rt_memcpy_v6.o)
    0x080008e8   0x080008e8   0x00000010   Code   RO         4110    .text               c_w.l(aeabi_memset.o)
    0x080008f8   0x080008f8   0x00000044   Code   RO         4112    .text               c_w.l(rt_memclr.o)
    0x0800093c   0x0800093c   0x0000004e   Code   RO         4114    .text               c_w.l(rt_memclr_w.o)
    0x0800098a   0x0800098a   0x00000006   Code   RO         4116    .text               c_w.l(heapauxi.o)
    0x08000990   0x08000990   0x00000002   Code   RO         4120    .text               c_w.l(use_no_semi.o)
    0x08000992   0x08000992   0x00000002   PAD
    0x08000994   0x08000994   0x00000008   Code   RO         4130    .text               c_w.l(rt_locale_intlibspace.o)
    0x0800099c   0x0800099c   0x000000b2   Code   RO         4132    .text               c_w.l(_printf_intcommon.o)
    0x08000a4e   0x08000a4e   0x0000002c   Code   RO         4134    .text               c_w.l(_printf_char.o)
    0x08000a7a   0x08000a7a   0x00000002   PAD
    0x08000a7c   0x08000a7c   0x00000024   Code   RO         4136    .text               c_w.l(_printf_char_file.o)
    0x08000aa0   0x08000aa0   0x0000002c   Code   RO         4138    .text               c_w.l(_printf_wchar.o)
    0x08000acc   0x08000acc   0x00000040   Code   RO         4142    .text               c_w.l(_wcrtomb.o)
    0x08000b0c   0x08000b0c   0x00000064   Code   RO         4147    .text               c_w.l(rt_memcpy_w.o)
    0x08000b70   0x08000b70   0x00000008   Code   RO         4149    .text               c_w.l(libspace.o)
    0x08000b78   0x08000b78   0x00000030   Code   RO         4169    .text               c_w.l(_printf_char_common.o)
    0x08000ba8   0x08000ba8   0x00000008   Code   RO         4171    .text               c_w.l(ferror.o)
    0x08000bb0   0x08000bb0   0x00000080   Code   RO         4175    .text               c_w.l(strcmpv7m.o)
    0x08000c30   0x08000c30   0x0000004a   Code   RO         4222    .text               c_w.l(sys_stackheap_outer.o)
    0x08000c7a   0x08000c7a   0x00000012   Code   RO         4226    .text               c_w.l(exit.o)
    0x08000c8c   0x08000c8c   0x00000004   Code   RO          322    i.BusFault_Handler  stm32f4xx_it.o
    0x08000c90   0x08000c90   0x00000002   Code   RO          323    i.DebugMon_Handler  stm32f4xx_it.o
    0x08000c92   0x08000c92   0x00000006   Code   RO           13    i.Error_Handler     main.o
    0x08000c98   0x08000c98   0x00000210   Code   RO         1487    i.HAL_GPIO_Init     stm32f4xx_hal_gpio.o
    0x08000ea8   0x08000ea8   0x0000000c   Code   RO         1491    i.HAL_GPIO_WritePin  stm32f4xx_hal_gpio.o
    0x08000eb4   0x08000eb4   0x0000000c   Code   RO         2062    i.HAL_GetTick       stm32f4xx_hal.o
    0x08000ec0   0x08000ec0   0x00000018   Code   RO         2068    i.HAL_IncTick       stm32f4xx_hal.o
    0x08000ed8   0x08000ed8   0x0000003c   Code   RO         2069    i.HAL_Init          stm32f4xx_hal.o
    0x08000f14   0x08000f14   0x0000004c   Code   RO         2070    i.HAL_InitTick      stm32f4xx_hal.o
    0x08000f60   0x08000f60   0x00000048   Code   RO          410    i.HAL_MspInit       stm32f4xx_hal_msp.o
    0x08000fa8   0x08000fa8   0x00000028   Code   RO         1897    i.HAL_NVIC_EnableIRQ  stm32f4xx_hal_cortex.o
    0x08000fd0   0x08000fd0   0x0000007c   Code   RO         1903    i.HAL_NVIC_SetPriority  stm32f4xx_hal_cortex.o
    0x0800104c   0x0800104c   0x00000028   Code   RO         1904    i.HAL_NVIC_SetPriorityGrouping  stm32f4xx_hal_cortex.o
    0x08001074   0x08001074   0x00000184   Code   RO         1031    i.HAL_RCC_ClockConfig  stm32f4xx_hal_rcc.o
    0x080011f8   0x080011f8   0x0000000c   Code   RO         1036    i.HAL_RCC_GetHCLKFreq  stm32f4xx_hal_rcc.o
    0x08001204   0x08001204   0x00000020   Code   RO         1038    i.HAL_RCC_GetPCLK1Freq  stm32f4xx_hal_rcc.o
    0x08001224   0x08001224   0x00000020   Code   RO         1039    i.HAL_RCC_GetPCLK2Freq  stm32f4xx_hal_rcc.o
    0x08001244   0x08001244   0x000000b0   Code   RO         1040    i.HAL_RCC_GetSysClockFreq  stm32f4xx_hal_rcc.o
    0x080012f4   0x080012f4   0x0000049c   Code   RO         1043    i.HAL_RCC_OscConfig  stm32f4xx_hal_rcc.o
    0x08001790   0x08001790   0x00000034   Code   RO         1908    i.HAL_SYSTICK_Config  stm32f4xx_hal_cortex.o
    0x080017c4   0x080017c4   0x00000076   Code   RO         2383    i.HAL_UART_Init     stm32f4xx_hal_uart.o
    0x0800183a   0x0800183a   0x00000002   PAD
    0x0800183c   0x0800183c   0x00000088   Code   RO          252    i.HAL_UART_MspInit  usart.o
    0x080018c4   0x080018c4   0x00000004   Code   RO          324    i.HardFault_Handler  stm32f4xx_it.o
    0x080018c8   0x080018c8   0x000000b4   Code   RO          227    i.MX_GPIO_Init      gpio.o
    0x0800197c   0x0800197c   0x00000038   Code   RO          253    i.MX_USART1_UART_Init  usart.o
    0x080019b4   0x080019b4   0x00000004   Code   RO          325    i.MemManage_Handler  stm32f4xx_it.o
    0x080019b8   0x080019b8   0x00000004   Code   RO          326    i.NMI_Handler       stm32f4xx_it.o
    0x080019bc   0x080019bc   0x0000000a   Code   RO          327    i.OTG_FS_IRQHandler  stm32f4xx_it.o
    0x080019c6   0x080019c6   0x00000002   Code   RO          328    i.PendSV_Handler    stm32f4xx_it.o
    0x080019c8   0x080019c8   0x00000002   Code   RO          329    i.SVC_Handler       stm32f4xx_it.o
    0x080019ca   0x080019ca   0x00000008   Code   RO          330    i.SysTick_Handler   stm32f4xx_it.o
    0x080019d2   0x080019d2   0x00000002   PAD
    0x080019d4   0x080019d4   0x000000b4   Code   RO           14    i.SystemClock_Config  main.o
    0x08001a88   0x08001a88   0x00000014   Code   RO         2727    i.SystemInit        system_stm32f4xx.o
    0x08001a9c   0x08001a9c   0x0000022c   Code   RO         2410    i.UART_SetConfig    stm32f4xx_hal_uart.o
    0x08001cc8   0x08001cc8   0x00000004   Code   RO          331    i.UsageFault_Handler  stm32f4xx_it.o
    0x08001ccc   0x08001ccc   0x00000010   Code   RO         1910    i.__NVIC_GetPriorityGrouping  stm32f4xx_hal_cortex.o
    0x08001cdc   0x08001cdc   0x00000028   Code   RO         1911    i.__NVIC_SetPriority  stm32f4xx_hal_cortex.o
    0x08001d04   0x08001d04   0x00000080   Code   RO         3951    i._data_stage_xact  usbd_control.o
    0x08001d84   0x08001d84   0x0000004a   Code   RO         3435    i._ff_pull_const_addr  tusb_fifo.o
    0x08001dce   0x08001dce   0x00000134   Code   RO         3436    i._ff_pull_n        tusb_fifo.o
    0x08001f02   0x08001f02   0x0000004a   Code   RO         3437    i._ff_push_const_addr  tusb_fifo.o
    0x08001f4c   0x08001f4c   0x0000012e   Code   RO         3438    i._ff_push_n        tusb_fifo.o
    0x0800207a   0x0800207a   0x0000000e   Code   RO         4087    i._is_digit         c_w.l(__printf_wp.o)
    0x08002088   0x08002088   0x0000007a   Code   RO         3278    i._prep_out_transaction  cdc_device.o
    0x08002102   0x08002102   0x00000022   Code   RO         3952    i._status_stage_xact  usbd_control.o
    0x08002124   0x08002124   0x00000004   Code   RO          255    i._sys_exit         usart.o
    0x08002128   0x08002128   0x0000008c   Code   RO         3439    i._tu_fifo_peek     tusb_fifo.o
    0x080021b4   0x080021b4   0x00000084   Code   RO         3440    i._tu_fifo_peek_n   tusb_fifo.o
    0x08002238   0x08002238   0x00000032   Code   RO         3441    i._tu_fifo_read_n   tusb_fifo.o
    0x0800226a   0x0800226a   0x00000106   Code   RO         3442    i._tu_fifo_write_n  tusb_fifo.o
    0x08002370   0x08002370   0x00000026   Code   RO         3443    i.advance_index     tusb_fifo.o
    0x08002396   0x08002396   0x00000002   PAD
    0x08002398   0x08002398   0x00000098   Code   RO         2821    i.board_usb_get_serial  usb_descriptors.o
    0x08002430   0x08002430   0x00000130   Code   RO         3032    i.bus_reset         dcd_dwc2.o
    0x08002560   0x08002560   0x0000001c   Code   RO         3033    i.calc_grxfsiz      dcd_dwc2.o
    0x0800257c   0x0800257c   0x00000040   Code   RO         2763    i.cdc_task          cdc_app.o
    0x080025bc   0x080025bc   0x000001b0   Code   RO         3279    i.cdcd_control_xfer_cb  cdc_device.o
    0x0800276c   0x0800276c   0x00000004   Code   RO         3280    i.cdcd_deinit       cdc_device.o
    0x08002770   0x08002770   0x00000074   Code   RO         3281    i.cdcd_init         cdc_device.o
    0x080027e4   0x080027e4   0x00000160   Code   RO         3282    i.cdcd_open         cdc_device.o
    0x08002944   0x08002944   0x0000005c   Code   RO         3283    i.cdcd_reset        cdc_device.o
    0x080029a0   0x080029a0   0x0000012c   Code   RO         3284    i.cdcd_xfer_cb      cdc_device.o
    0x08002acc   0x08002acc   0x00000068   Code   RO         3034    i.check_dwc2        dcd_dwc2.o
    0x08002b34   0x08002b34   0x000000b8   Code   RO         3619    i.configuration_reset  usbd.o
    0x08002bec   0x08002bec   0x0000001c   Code   RO         3035    i.dcd_connect       dcd_dwc2.o
    0x08002c08   0x08002c08   0x0000001c   Code   RO         3036    i.dcd_disconnect    dcd_dwc2.o
    0x08002c24   0x08002c24   0x00000002   Code   RO         3953    i.dcd_edpt0_status_complete  usbd_control.o
    0x08002c26   0x08002c26   0x00000002   PAD
    0x08002c28   0x08002c28   0x00000088   Code   RO         3037    i.dcd_edpt_clear_stall  dcd_dwc2.o
    0x08002cb0   0x08002cb0   0x000000dc   Code   RO         3039    i.dcd_edpt_close_all  dcd_dwc2.o
    0x08002d8c   0x08002d8c   0x0000005c   Code   RO         3042    i.dcd_edpt_open     dcd_dwc2.o
    0x08002de8   0x08002de8   0x00000012   Code   RO         3043    i.dcd_edpt_stall    dcd_dwc2.o
    0x08002dfa   0x08002dfa   0x00000002   PAD
    0x08002dfc   0x08002dfc   0x00000098   Code   RO         3044    i.dcd_edpt_xfer     dcd_dwc2.o
    0x08002e94   0x08002e94   0x000002d4   Code   RO         3623    i.dcd_event_handler  usbd.o
    0x08003168   0x08003168   0x000000d0   Code   RO         3046    i.dcd_init          dcd_dwc2.o
    0x08003238   0x08003238   0x0000003c   Code   RO         3047    i.dcd_int_disable   dcd_dwc2.o
    0x08003274   0x08003274   0x0000003c   Code   RO         3048    i.dcd_int_enable    dcd_dwc2.o
    0x080032b0   0x080032b0   0x000001a4   Code   RO         3049    i.dcd_int_handler   dcd_dwc2.o
    0x08003454   0x08003454   0x00000044   Code   RO         3051    i.dcd_set_address   dcd_dwc2.o
    0x08003498   0x08003498   0x00000030   Code   RO         3052    i.dcd_sof_enable    dcd_dwc2.o
    0x080034c8   0x080034c8   0x00000050   Code   RO         2878    i.dump_str_line     tusb.o
    0x08003518   0x08003518   0x00000034   Code   RO         3053    i.dwc2_phy_init     dcd_dwc2.o
    0x0800354c   0x0800354c   0x000000c0   Code   RO         3054    i.dwc2_phy_update   dcd_dwc2.o
    0x0800360c   0x0800360c   0x000000c0   Code   RO         3055    i.edpt_activate     dcd_dwc2.o
    0x080036cc   0x080036cc   0x00000178   Code   RO         3056    i.edpt_disable      dcd_dwc2.o
    0x08003844   0x08003844   0x0000016c   Code   RO         3057    i.edpt_schedule_packets  dcd_dwc2.o
    0x080039b0   0x080039b0   0x00000168   Code   RO         3058    i.fifo_alloc        dcd_dwc2.o
    0x08003b18   0x08003b18   0x0000001c   Code   RO          257    i.fputc             usart.o
    0x08003b34   0x08003b34   0x00000178   Code   RO         3059    i.handle_epin_irq   dcd_dwc2.o
    0x08003cac   0x08003cac   0x00000114   Code   RO         3060    i.handle_epout_irq  dcd_dwc2.o
    0x08003dc0   0x08003dc0   0x000000f0   Code   RO         3061    i.handle_rxflvl_irq  dcd_dwc2.o
    0x08003eb0   0x08003eb0   0x0000003c   Code   RO         3624    i.invoke_class_control  usbd.o
    0x08003eec   0x08003eec   0x0000002e   Code   RO           15    i.main              main.o
    0x08003f1a   0x08003f1a   0x00000002   PAD
    0x08003f1c   0x08003f1c   0x0000005c   Code   RO         3062    i.phy_fs_init       dcd_dwc2.o
    0x08003f78   0x08003f78   0x000000d4   Code   RO         3063    i.phy_hs_init       dcd_dwc2.o
    0x0800404c   0x0800404c   0x00000006   Code   RO         3064    i.phy_hs_supported  dcd_dwc2.o
    0x08004052   0x08004052   0x00000002   PAD
    0x08004054   0x08004054   0x00000078   Code   RO         3065    i.print_dwc2_info   dcd_dwc2.o
    0x080040cc   0x080040cc   0x000004f0   Code   RO         3625    i.process_control_request  usbd.o
    0x080045bc   0x080045bc   0x000001e4   Code   RO         3626    i.process_get_descriptor  usbd.o
    0x080047a0   0x080047a0   0x00000210   Code   RO         3627    i.process_set_config  usbd.o
    0x080049b0   0x080049b0   0x0000006c   Code   RO         3066    i.read_fifo_packet  dcd_dwc2.o
    0x08004a1c   0x08004a1c   0x00000022   Code   RO         3067    i.reset_core        dcd_dwc2.o
    0x08004a3e   0x08004a3e   0x00000002   PAD
    0x08004a40   0x08004a40   0x00000070   Code   RO         2883    i.tu_edpt_bind_driver  tusb.o
    0x08004ab0   0x08004ab0   0x00000044   Code   RO         2884    i.tu_edpt_claim     tusb.o
    0x08004af4   0x08004af4   0x00000026   Code   RO         2885    i.tu_edpt_release   tusb.o
    0x08004b1a   0x08004b1a   0x00000002   PAD
    0x08004b1c   0x08004b1c   0x00000108   Code   RO         2893    i.tu_edpt_validate  tusb.o
    0x08004c24   0x08004c24   0x0000000c   Code   RO         3446    i.tu_fifo_clear     tusb_fifo.o
    0x08004c30   0x08004c30   0x0000002e   Code   RO         3447    i.tu_fifo_config    tusb_fifo.o
    0x08004c5e   0x08004c5e   0x0000002c   Code   RO         3449    i.tu_fifo_count     tusb_fifo.o
    0x08004c8a   0x08004c8a   0x00000012   Code   RO         3450    i.tu_fifo_empty     tusb_fifo.o
    0x08004c9c   0x08004c9c   0x0000002a   Code   RO         3451    i.tu_fifo_full      tusb_fifo.o
    0x08004cc6   0x08004cc6   0x00000024   Code   RO         3457    i.tu_fifo_read      tusb_fifo.o
    0x08004cea   0x08004cea   0x00000016   Code   RO         3458    i.tu_fifo_read_n    tusb_fifo.o
    0x08004d00   0x08004d00   0x00000016   Code   RO         3459    i.tu_fifo_read_n_const_addr_full_words  tusb_fifo.o
    0x08004d16   0x08004d16   0x0000003e   Code   RO         3460    i.tu_fifo_remaining  tusb_fifo.o
    0x08004d54   0x08004d54   0x0000000e   Code   RO         3461    i.tu_fifo_set_overwritable  tusb_fifo.o
    0x08004d62   0x08004d62   0x00000060   Code   RO         3462    i.tu_fifo_write     tusb_fifo.o
    0x08004dc2   0x08004dc2   0x00000016   Code   RO         3463    i.tu_fifo_write_n   tusb_fifo.o
    0x08004dd8   0x08004dd8   0x00000016   Code   RO         3464    i.tu_fifo_write_n_const_addr_full_words  tusb_fifo.o
    0x08004dee   0x08004dee   0x00000002   PAD
    0x08004df0   0x08004df0   0x00000118   Code   RO         2894    i.tu_print_mem      tusb.o
    0x08004f08   0x08004f08   0x00000020   Code   RO         3286    i.tud_cdc_n_available  cdc_device.o
    0x08004f28   0x08004f28   0x00000048   Code   RO         3291    i.tud_cdc_n_read    cdc_device.o
    0x08004f70   0x08004f70   0x00000054   Code   RO         3295    i.tud_cdc_n_write   cdc_device.o
    0x08004fc4   0x08004fc4   0x000000c0   Code   RO         3298    i.tud_cdc_n_write_flush  cdc_device.o
    0x08005084   0x08005084   0x00000028   Code   RO         3954    i.tud_control_status  usbd_control.o
    0x080050ac   0x080050ac   0x000000b8   Code   RO         3955    i.tud_control_xfer  usbd_control.o
    0x08005164   0x08005164   0x00000004   Code   RO         3631    i.tud_descriptor_bos_cb  usbd.o
    0x08005168   0x08005168   0x0000000c   Code   RO         2822    i.tud_descriptor_configuration_cb  usb_descriptors.o
    0x08005174   0x08005174   0x00000008   Code   RO         2823    i.tud_descriptor_device_cb  usb_descriptors.o
    0x0800517c   0x0800517c   0x00000004   Code   RO         3632    i.tud_descriptor_device_qualifier_cb  usbd.o
    0x08005180   0x08005180   0x00000006   Code   RO         3633    i.tud_descriptor_other_speed_configuration_cb  usbd.o
    0x08005186   0x08005186   0x00000002   PAD
    0x08005188   0x08005188   0x00000080   Code   RO         2824    i.tud_descriptor_string_cb  usb_descriptors.o
    0x08005208   0x08005208   0x00000002   Code   RO         3635    i.tud_event_hook_cb  usbd.o
    0x0800520a   0x0800520a   0x00000002   PAD
    0x0800520c   0x0800520c   0x000001f8   Code   RO         3636    i.tud_init          usbd.o
    0x08005404   0x08005404   0x00000014   Code   RO         3637    i.tud_inited        usbd.o
    0x08005418   0x08005418   0x00000002   Code   RO         2766    i.tud_mount_cb      cdc_app.o
    0x0800541a   0x0800541a   0x00000002   PAD
    0x0800541c   0x0800541c   0x00000014   Code   RO         3639    i.tud_mounted       usbd.o
    0x08005430   0x08005430   0x00000002   Code   RO         3641    i.tud_resume_cb     usbd.o
    0x08005432   0x08005432   0x00000002   Code   RO         3642    i.tud_sof_cb        usbd.o
    0x08005434   0x08005434   0x00000002   Code   RO         3645    i.tud_suspend_cb    usbd.o
    0x08005436   0x08005436   0x00000002   PAD
    0x08005438   0x08005438   0x00000010   Code   RO         3646    i.tud_suspended     usbd.o
    0x08005448   0x08005448   0x000003f0   Code   RO         3648    i.tud_task_ext      usbd.o
    0x08005838   0x08005838   0x00000002   Code   RO         2767    i.tud_umount_cb     cdc_app.o
    0x0800583a   0x0800583a   0x00000006   Code   RO         3650    i.tud_vendor_control_xfer_cb  usbd.o
    0x08005840   0x08005840   0x000000a0   Code   RO         2768    i.usb_dc_low_level_init  cdc_app.o
    0x080058e0   0x080058e0   0x00000010   Code   RO         3956    i.usbd_control_reset  usbd_control.o
    0x080058f0   0x080058f0   0x0000000c   Code   RO         3957    i.usbd_control_set_complete_callback  usbd_control.o
    0x080058fc   0x080058fc   0x0000001c   Code   RO         3958    i.usbd_control_set_request  usbd_control.o
    0x08005918   0x08005918   0x00000138   Code   RO         3959    i.usbd_control_xfer_cb  usbd_control.o
    0x08005a50   0x08005a50   0x00000084   Code   RO         3652    i.usbd_driver_print_control_complete_name  usbd.o
    0x08005ad4   0x08005ad4   0x00000030   Code   RO         3654    i.usbd_edpt_claim   usbd.o
    0x08005b04   0x08005b04   0x0000007c   Code   RO         3655    i.usbd_edpt_clear_stall  usbd.o
    0x08005b80   0x08005b80   0x00000080   Code   RO         3659    i.usbd_edpt_open    usbd.o
    0x08005c00   0x08005c00   0x00000030   Code   RO         3660    i.usbd_edpt_release  usbd.o
    0x08005c30   0x08005c30   0x00000078   Code   RO         3661    i.usbd_edpt_stall   usbd.o
    0x08005ca8   0x08005ca8   0x00000028   Code   RO         3662    i.usbd_edpt_stalled  usbd.o
    0x08005cd0   0x08005cd0   0x00000108   Code   RO         3663    i.usbd_edpt_xfer    usbd.o
    0x08005dd8   0x08005dd8   0x00000020   Code   RO         3665    i.usbd_int_set      usbd.o
    0x08005df8   0x08005df8   0x000000ac   Code   RO         3666    i.usbd_open_edpt_pair  usbd.o
    0x08005ea4   0x08005ea4   0x00000010   Code   RO         3667    i.usbd_reset        usbd.o
    0x08005eb4   0x08005eb4   0x00000068   Code   RO         3068    i.write_fifo_packet  dcd_dwc2.o
    0x08005f1c   0x08005f1c   0x0000002c   Code   RO         4145    locale$$code        c_w.l(lc_ctype_c.o)
    0x08005f48   0x08005f48   0x0000000a   Code   RO         4240    x$fpl$fpinit        fz_wm.l(fpinit.o)
    0x08005f52   0x08005f52   0x00000018   Data   RO         2728    .constdata          system_stm32f4xx.o
    0x08005f6a   0x08005f6a   0x000000a1   Data   RO         2826    .constdata          usb_descriptors.o
    0x0800600b   0x0800600b   0x00000001   PAD
    0x0800600c   0x0800600c   0x000000b7   Data   RO         2897    .constdata          tusb.o
    0x080060c3   0x080060c3   0x00000001   PAD
    0x080060c4   0x080060c4   0x0000009a   Data   RO         3070    .constdata          dcd_dwc2.o
    0x0800615e   0x0800615e   0x0000002d   Data   RO         3300    .constdata          cdc_device.o
    0x0800618b   0x0800618b   0x00000001   PAD
    0x0800618c   0x0800618c   0x00000151   Data   RO         3670    .constdata          usbd.o
    0x080062dd   0x080062dd   0x00000026   Data   RO         3961    .constdata          usbd_control.o
    0x08006303   0x08006303   0x00000001   PAD
    0x08006304   0x08006304   0x00000008   Data   RO         4048    .constdata          c_w.l(_printf_wctomb.o)
    0x0800630c   0x0800630c   0x00000028   Data   RO         4060    .constdata          c_w.l(_printf_hex_int.o)
    0x08006334   0x08006334   0x00000011   Data   RO         4095    .constdata          c_w.l(__printf_flags_ss_wp.o)
    0x08006345   0x08006345   0x00000003   PAD
    0x08006348   0x08006348   0x00000023   Data   RO         2827    .conststring        usb_descriptors.o
    0x0800636b   0x0800636b   0x00000001   PAD
    0x0800636c   0x0800636c   0x000000e4   Data   RO         2898    .conststring        tusb.o
    0x08006450   0x08006450   0x0000005e   Data   RO         3671    .conststring        usbd.o
    0x080064ae   0x080064ae   0x00000002   PAD
    0x080064b0   0x080064b0   0x00000020   Data   RO         4310    Region$$Table       anon$$obj.o
    0x080064d0   0x080064d0   0x00000110   Data   RO         4144    locale$$data        c_w.l(lc_ctype_c.o)


    Execution Region RW_IRAM2 (Exec base: 0x10000000, Load base: 0x08006638, Size: 0x00000000, Max: 0x00010000, ABSOLUTE)

    **** No section assigned to this execution region ****


    Execution Region RW_IRAM1 (Exec base: 0x20000000, Load base: 0x080065e0, Size: 0x00000b98, Max: 0x00030000, ABSOLUTE)

    Exec Addr    Load Addr    Size         Type   Attr      Idx    E Section Name        Object

    0x20000000   0x080065e0   0x00000004   Data   RW          259    .data               usart.o
    0x20000004   0x080065e4   0x00000009   Data   RW         2076    .data               stm32f4xx_hal.o
    0x2000000d   0x080065ed   0x00000003   PAD
    0x20000010   0x080065f0   0x00000004   Data   RW         2729    .data               system_stm32f4xx.o
    0x20000014   0x080065f4   0x00000014   Data   RW         2828    .data               usb_descriptors.o
    0x20000028   0x08006608   0x0000000f   Data   RW         3071    .data               dcd_dwc2.o
    0x20000037   0x08006617   0x00000001   Data   RW         3301    .data               cdc_device.o
    0x20000038   0x08006618   0x00000020   Data   RW         3672    .data               usbd.o
    0x20000058        -       0x00000048   Zero   RW          258    .bss                usart.o
    0x200000a0        -       0x00000042   Zero   RW         2825    .bss                usb_descriptors.o
    0x200000e2   0x08006638   0x00000002   PAD
    0x200000e4        -       0x000000c0   Zero   RW         3069    .bss                dcd_dwc2.o
    0x200001a4        -       0x00000250   Zero   RW         3299    .bss                cdc_device.o
    0x200003f4        -       0x000000ec   Zero   RW         3669    .bss                usbd.o
    0x200004e0        -       0x00000054   Zero   RW         3960    .bss                usbd_control.o
    0x20000534        -       0x00000060   Zero   RW         4150    .bss                c_w.l(libspace.o)
    0x20000594   0x08006638   0x00000004   PAD
    0x20000598        -       0x00000200   Zero   RW            2    HEAP                startup_stm32f429xx.o
    0x20000798        -       0x00000400   Zero   RW            1    STACK               startup_stm32f429xx.o


==============================================================================

Image component sizes


      Code (inc. data)   RO Data    RW Data    ZI Data      Debug   Object Name

       228         10          0          0          0       4742   cdc_app.o
      1798        266         45          1        592      61626   cdc_device.o
      5078        562        154         15        192     133002   dcd_dwc2.o
       180         10          0          0          0       1103   gpio.o
       232          8          0          0          0     766508   main.o
        64         26        428          0       1536        844   startup_stm32f429xx.o
       172         32          0          9          0       9061   stm32f4xx_hal.o
       312         22          0          0          0      34367   stm32f4xx_hal_cortex.o
       540         54          0          0          0       2260   stm32f4xx_hal_gpio.o
        72          4          0          0          0        994   stm32f4xx_hal_msp.o
      1820         84          0          0          0       5768   stm32f4xx_hal_rcc.o
       674         10          0          0          0       2012   stm32f4xx_hal_uart.o
        44          0          0          0          0       4766   stm32f4xx_it.o
        20          6         24          4          0       1263   system_stm32f4xx.o
       842        140        411          0          0      26587   tusb.o
      1838          0          0          0          0      25736   tusb_fifo.o
       224         28          0          4         72       4206   usart.o
       300         48        196         20         66       5888   usb_descriptors.o
      5964       1340        431         32        236      52914   usbd.o
       756         98         38          0         84      16900   usbd_control.o

    ----------------------------------------------------------------------
     21186       2748       1766         88       2780    1160547   Object Totals
         0          0         32          0          0          0   (incl. Generated)
        28          0          7          3          2          0   (incl. Padding)

    ----------------------------------------------------------------------

      Code (inc. data)   RO Data    RW Data    ZI Data      Debug   Library Member Name

         8          0          0          0          0         68   __main.o
       392          4         17          0          0         92   __printf_flags_ss_wp.o
        14          0          0          0          0         68   __printf_wp.o
         0          0          0          0          0          0   __rtentry.o
        12          0          0          0          0          0   __rtentry2.o
         6          0          0          0          0          0   __rtentry4.o
        52          8          0          0          0          0   __scatter.o
        26          0          0          0          0          0   __scatter_copy.o
        28          0          0          0          0          0   __scatter_zi.o
         6          0          0          0          0          0   _printf_c.o
        44          0          0          0          0        108   _printf_char.o
        48          6          0          0          0         96   _printf_char_common.o
        36          4          0          0          0         80   _printf_char_file.o
         6          0          0          0          0          0   _printf_d.o
       120         16          0          0          0         92   _printf_dec.o
        88          4         40          0          0         88   _printf_hex_int.o
         6          0          0          0          0          0   _printf_i.o
       178          0          0          0          0         88   _printf_intcommon.o
        10          0          0          0          0          0   _printf_l.o
         6          0          0          0          0          0   _printf_lc.o
         6          0          0          0          0          0   _printf_o.o
        80          8          0          0          0         88   _printf_oct_int.o
        78          0          0          0          0        108   _printf_pad.o
         0          0          0          0          0          0   _printf_percent.o
         4          0          0          0          0          0   _printf_percent_end.o
         6          0          0          0          0          0   _printf_s.o
        82          0          0          0          0         80   _printf_str.o
        36          0          0          0          0         84   _printf_truncate.o
         6          0          0          0          0          0   _printf_u.o
        44          0          0          0          0        108   _printf_wchar.o
       188          6          8          0          0         92   _printf_wctomb.o
         6          0          0          0          0          0   _printf_x.o
        64          0          0          0          0         92   _wcrtomb.o
        16          0          0          0          0         68   aeabi_memset.o
        18          0          0          0          0         80   exit.o
         8          0          0          0          0         68   ferror.o
         6          0          0          0          0        152   heapauxi.o
        44         10        272          0          0         76   lc_ctype_c.o
         2          0          0          0          0          0   libinit.o
        24          0          0          0          0          0   libinit2.o
         2          0          0          0          0          0   libshutdown.o
         2          0          0          0          0          0   libshutdown2.o
         8          4          0          0         96         68   libspace.o
       238          0          0          0          0        100   lludivv7m.o
        24          4          0          0          0         84   noretval__2printf.o
        16          4          0          0          0         76   rt_ctype_table.o
         8          4          0          0          0         68   rt_locale_intlibspace.o
        68          0          0          0          0         68   rt_memclr.o
        78          0          0          0          0         80   rt_memclr_w.o
       138          0          0          0          0         68   rt_memcpy_v6.o
       100          0          0          0          0         80   rt_memcpy_w.o
         2          0          0          0          0          0   rtexit.o
        10          0          0          0          0          0   rtexit2.o
       128          0          0          0          0         68   strcmpv7m.o
        62          0          0          0          0         76   strlen.o
        74          0          0          0          0         80   sys_stackheap_outer.o
         2          0          0          0          0         68   use_no_semi.o
         2          0          0          0          0         68   use_no_semi_2.o
        10          0          0          0          0        116   fpinit.o

    ----------------------------------------------------------------------
      2788         82        340          0        100       3044   Library Totals
        12          0          3          0          4          0   (incl. Padding)

    ----------------------------------------------------------------------

      Code (inc. data)   RO Data    RW Data    ZI Data      Debug   Library Name

      2766         82        337          0         96       2928   c_w.l
        10          0          0          0          0        116   fz_wm.l

    ----------------------------------------------------------------------
      2788         82        340          0        100       3044   Library Totals

    ----------------------------------------------------------------------

==============================================================================


      Code (inc. data)   RO Data    RW Data    ZI Data      Debug   

     23974       2830       2106         88       2880    1146879   Grand Totals
     23974       2830       2106         88       2880    1146879   ELF Image Totals
     23974       2830       2106         88          0          0   ROM Totals

==============================================================================

    Total RO  Size (Code + RO Data)                26080 (  25.47kB)
    Total RW  Size (RW Data + ZI Data)              2968 (   2.90kB)
    Total ROM Size (Code + RO Data + RW Data)      26168 (  25.55kB)

==============================================================================

